Archive member included to satisfy reference by file (symbol)

c:/program files (x86)/eclipse foundation/eclipse cdt/gnu tools arm embedded/8 2018-q4-major/bin/../lib/gcc/arm-none-eabi/8.2.1/../../../../arm-none-eabi/lib/thumb/v7e-m/nofp\libstdc++_nano.a(guard.o)
                              ./Sources/mcpio.o (__cxa_guard_acquire)
c:/program files (x86)/eclipse foundation/eclipse cdt/gnu tools arm embedded/8 2018-q4-major/bin/../lib/gcc/arm-none-eabi/8.2.1/../../../../arm-none-eabi/lib/thumb/v7e-m/nofp\libstdc++_nano.a(atexit_arm.o)
                              ./Startup_Code/console.o (__aeabi_atexit)
c:/program files (x86)/eclipse foundation/eclipse cdt/gnu tools arm embedded/8 2018-q4-major/bin/../lib/gcc/arm-none-eabi/8.2.1/../../../../arm-none-eabi/lib/thumb/v7e-m/nofp\libstdc++_nano.a(del_ops.o)
                              ./Startup_Code/console.o (operator delete(void*, unsigned int))
c:/program files (x86)/eclipse foundation/eclipse cdt/gnu tools arm embedded/8 2018-q4-major/bin/../lib/gcc/arm-none-eabi/8.2.1/../../../../arm-none-eabi/lib/thumb/v7e-m/nofp\libstdc++_nano.a(del_op.o)
                              c:/program files (x86)/eclipse foundation/eclipse cdt/gnu tools arm embedded/8 2018-q4-major/bin/../lib/gcc/arm-none-eabi/8.2.1/../../../../arm-none-eabi/lib/thumb/v7e-m/nofp\libstdc++_nano.a(del_ops.o) (operator delete(void*))
c:/program files (x86)/eclipse foundation/eclipse cdt/gnu tools arm embedded/8 2018-q4-major/bin/../lib/gcc/arm-none-eabi/8.2.1/../../../../arm-none-eabi/lib/thumb/v7e-m/nofp\libm.a(lib_a-sf_rint.o)
                              ./Sources/PITlab5.o (rintf)
c:/program files (x86)/eclipse foundation/eclipse cdt/gnu tools arm embedded/8 2018-q4-major/bin/../lib/gcc/arm-none-eabi/8.2.1/../../../../arm-none-eabi/lib/thumb/v7e-m/nofp\libm.a(lib_a-sf_round.o)
                              ./Sources/delay.o (roundf)
c:/program files (x86)/eclipse foundation/eclipse cdt/gnu tools arm embedded/8 2018-q4-major/bin/../lib/gcc/arm-none-eabi/8.2.1/thumb/v7e-m/nofp\libgcc.a(_arm_addsubsf3.o)
                              ./Sources/spi.o (__aeabi_fsub)
c:/program files (x86)/eclipse foundation/eclipse cdt/gnu tools arm embedded/8 2018-q4-major/bin/../lib/gcc/arm-none-eabi/8.2.1/thumb/v7e-m/nofp\libgcc.a(_arm_muldivsf3.o)
                              ./Sources/PITlab5.o (__aeabi_fmul)
c:/program files (x86)/eclipse foundation/eclipse cdt/gnu tools arm embedded/8 2018-q4-major/bin/../lib/gcc/arm-none-eabi/8.2.1/thumb/v7e-m/nofp\libgcc.a(_arm_cmpsf2.o)
                              ./Sources/spi.o (__aeabi_fcmplt)
c:/program files (x86)/eclipse foundation/eclipse cdt/gnu tools arm embedded/8 2018-q4-major/bin/../lib/gcc/arm-none-eabi/8.2.1/thumb/v7e-m/nofp\libgcc.a(_arm_fixsfsi.o)
                              ./Sources/PITlab5.o (__aeabi_f2iz)
c:/program files (x86)/eclipse foundation/eclipse cdt/gnu tools arm embedded/8 2018-q4-major/bin/../lib/gcc/arm-none-eabi/8.2.1/thumb/v7e-m/nofp\libgcc.a(_arm_fixunssfsi.o)
                              ./Sources/PITlab5.o (__aeabi_f2uiz)
c:/program files (x86)/eclipse foundation/eclipse cdt/gnu tools arm embedded/8 2018-q4-major/bin/../lib/gcc/arm-none-eabi/8.2.1/thumb/v7e-m/nofp\libgcc.a(_aeabi_uldivmod.o)
                              ./Sources/delay.o (__aeabi_uldivmod)
c:/program files (x86)/eclipse foundation/eclipse cdt/gnu tools arm embedded/8 2018-q4-major/bin/../lib/gcc/arm-none-eabi/8.2.1/thumb/v7e-m/nofp\libgcc.a(_udivmoddi4.o)
                              c:/program files (x86)/eclipse foundation/eclipse cdt/gnu tools arm embedded/8 2018-q4-major/bin/../lib/gcc/arm-none-eabi/8.2.1/thumb/v7e-m/nofp\libgcc.a(_aeabi_uldivmod.o) (__udivmoddi4)
c:/program files (x86)/eclipse foundation/eclipse cdt/gnu tools arm embedded/8 2018-q4-major/bin/../lib/gcc/arm-none-eabi/8.2.1/thumb/v7e-m/nofp\libgcc.a(_dvmd_tls.o)
                              c:/program files (x86)/eclipse foundation/eclipse cdt/gnu tools arm embedded/8 2018-q4-major/bin/../lib/gcc/arm-none-eabi/8.2.1/thumb/v7e-m/nofp\libgcc.a(_aeabi_uldivmod.o) (__aeabi_ldiv0)
c:/program files (x86)/eclipse foundation/eclipse cdt/gnu tools arm embedded/8 2018-q4-major/bin/../lib/gcc/arm-none-eabi/8.2.1/../../../../arm-none-eabi/lib/thumb/v7e-m/nofp\libg_nano.a(lib_a-cxa_atexit.o)
                              c:/program files (x86)/eclipse foundation/eclipse cdt/gnu tools arm embedded/8 2018-q4-major/bin/../lib/gcc/arm-none-eabi/8.2.1/../../../../arm-none-eabi/lib/thumb/v7e-m/nofp\libstdc++_nano.a(atexit_arm.o) (__cxa_atexit)
c:/program files (x86)/eclipse foundation/eclipse cdt/gnu tools arm embedded/8 2018-q4-major/bin/../lib/gcc/arm-none-eabi/8.2.1/../../../../arm-none-eabi/lib/thumb/v7e-m/nofp\libg_nano.a(lib_a-exit.o)
                              c:/program files (x86)/eclipse foundation/eclipse cdt/gnu tools arm embedded/8 2018-q4-major/bin/../lib/gcc/arm-none-eabi/8.2.1/../../../../arm-none-eabi/lib/thumb/v7e-m/nofp/crt0.o (exit)
[...]
Memory Configuration

Name             Origin             Length             Attributes
bitband          0x22000000         0x02000000         rw
aips0            0x40000000         0x00080000         rw
aips1            0x40080000         0x0007f000         rw
gpio             0x400ff000         0x00001000         rw
gpioBitband      0x42000000         0x02000000         rw
peripherals      0xe0000000         0x00100000         rw
flexRAM          0x14000000         0x00000800         rw
flexNVM          0x10000000         0x00008000         xr
flash            0x00000000         0x00020000         xr
ram_high         0x20000000         0x00002000         xrw
ram_low          0x1fffe000         0x00002000         xrw
gdbGuard         0x20000000         0x00000020         r
*default*        0x00000000         0xffffffff

Linker script and memory map

LOAD c:/program files (x86)/eclipse foundation/eclipse cdt/gnu tools arm embedded/8 2018-q4-major/bin/../lib/gcc/arm-none-eabi/8.2.1/thumb/v7e-m/nofp/crti.o
LOAD c:/program files (x86)/eclipse foundation/eclipse cdt/gnu tools arm embedded/8 2018-q4-major/bin/../lib/gcc/arm-none-eabi/8.2.1/thumb/v7e-m/nofp/crtbegin.o
LOAD c:/program files (x86)/eclipse foundation/eclipse cdt/gnu tools arm embedded/8 2018-q4-major/bin/../lib/gcc/arm-none-eabi/8.2.1/../../../../arm-none-eabi/lib/thumb/v7e-m/nofp/crt0.o
LOAD ./Startup_Code/console.o
LOAD ./Startup_Code/mcg.o
LOAD ./Startup_Code/newlib_stubs.o
LOAD ./Startup_Code/rtc.o
LOAD ./Startup_Code/security.o
LOAD ./Startup_Code/startup_ARMLtdGCC.o
LOAD ./Startup_Code/system-gcc.o
LOAD ./Startup_Code/system.o
LOAD ./Startup_Code/vectors.o
LOAD ./Sources/PITlab5.o
LOAD ./Sources/delay.o
LOAD ./Sources/ftfl.o
LOAD ./Sources/hardware.o
LOAD ./Sources/i2c.o
LOAD ./Sources/main.o
LOAD ./Sources/mcpio.o
LOAD ./Sources/mma845x.o
LOAD ./Sources/spi.o
LOAD ./Sources/usbdmError.o
LOAD c:/program files (x86)/eclipse foundation/eclipse cdt/gnu tools arm embedded/8 2018-q4-major/bin/../lib/gcc/arm-none-eabi/8.2.1/../../../../arm-none-eabi/lib/thumb/v7e-m/nofp\libstdc++_nano.a
LOAD c:/program files (x86)/eclipse foundation/eclipse cdt/gnu tools arm embedded/8 2018-q4-major/bin/../lib/gcc/arm-none-eabi/8.2.1/../../../../arm-none-eabi/lib/thumb/v7e-m/nofp\libm.a
START GROUP
LOAD c:/program files (x86)/eclipse foundation/eclipse cdt/gnu tools arm embedded/8 2018-q4-major/bin/../lib/gcc/arm-none-eabi/8.2.1/thumb/v7e-m/nofp\libgcc.a
LOAD c:/program files (x86)/eclipse foundation/eclipse cdt/gnu tools arm embedded/8 2018-q4-major/bin/../lib/gcc/arm-none-eabi/8.2.1/../../../../arm-none-eabi/lib/thumb/v7e-m/nofp\libg_nano.a
LOAD c:/program files (x86)/eclipse foundation/eclipse cdt/gnu tools arm embedded/8 2018-q4-major/bin/../lib/gcc/arm-none-eabi/8.2.1/../../../../arm-none-eabi/lib/thumb/v7e-m/nofp\libc_nano.a
END GROUP
START GROUP
LOAD c:/program files (x86)/eclipse foundation/eclipse cdt/gnu tools arm embedded/8 2018-q4-major/bin/../lib/gcc/arm-none-eabi/8.2.1/thumb/v7e-m/nofp\libgcc.a
LOAD c:/program files (x86)/eclipse foundation/eclipse cdt/gnu tools arm embedded/8 2018-q4-major/bin/../lib/gcc/arm-none-eabi/8.2.1/../../../../arm-none-eabi/lib/thumb/v7e-m/nofp\libc_nano.a
END GROUP
LOAD c:/program files (x86)/eclipse foundation/eclipse cdt/gnu tools arm embedded/8 2018-q4-major/bin/../lib/gcc/arm-none-eabi/8.2.1/thumb/v7e-m/nofp/crtend.o
LOAD c:/program files (x86)/eclipse foundation/eclipse cdt/gnu tools arm embedded/8 2018-q4-major/bin/../lib/gcc/arm-none-eabi/8.2.1/thumb/v7e-m/nofp/crtn.o
                0x00001000                __stack_size = 0x1000
                0x00001000                __heap_size = 0x1000
                0x00000000                __sram_u_size = 0x0
                0x00001000                PROVIDE (__stack_size__ = __stack_size)
                0x00001000                PROVIDE (__heap_size__ = __heap_size)
                [!provide]                PROVIDE (__HardReset = Reset_Handler)
                [!provide]                PROVIDE (_start = main)

.interrupts     0x00000000      0x410
                0x00000000                __flash_start = .
                0x00000000                __VECTOR_TABLE = .
 *(.interrupt_vectors)
 .interrupt_vectors
                0x00000000       0xf8 ./Startup_Code/vectors.o
                0x00000000                __vector_table
 *(.isr_vector)
                0x00000001                ASSERT ((. != __flash_start), No reset vector found)
                0x000000f8                __VECTOR_TABLE_END = .
                0x00000400                . = (__flash_start + 0x400)
 *fill*         0x000000f8      0x308 
 *(.security_information)
 .security_information
                0x00000400       0x10 ./Startup_Code/security.o
                0x00000400                securityInfo
 *(.FlashConfig)
                0x00000001                ASSERT ((. == (__flash_start + 0x410)), No Freescale security information)
                0x00000000                M_VECTOR_RAM_SIZE = DEFINED (__ram_vector_table__)?(__VECTOR_TABLE_END - __VECTOR_TABLE):0x0

.text           0x00000410     0x4114
 *(.text)
 .text          0x00000410       0x40 c:/program files (x86)/eclipse foundation/eclipse cdt/gnu tools arm embedded/8 2018-q4-major/bin/../lib/gcc/arm-none-eabi/8.2.1/thumb/v7e-m/nofp/crtbegin.o
 .text          0x00000450       0x74 c:/program files (x86)/eclipse foundation/eclipse cdt/gnu tools arm embedded/8 2018-q4-major/bin/../lib/gcc/arm-none-eabi/8.2.1/../../../../arm-none-eabi/lib/thumb/v7e-m/nofp/crt0.o
                0x00000450                _start
                0x00000450                _mainCRTStartup
 .text          0x000004c4       0x44 ./Startup_Code/startup_ARMLtdGCC.o
                0x000004c4                Reset_Handler
 .text          0x00000508      0x21c c:/program files (x86)/eclipse foundation/eclipse cdt/gnu tools arm embedded/8 2018-q4-major/bin/../lib/gcc/arm-none-eabi/8.2.1/thumb/v7e-m/nofp\libgcc.a(_arm_addsubsf3.o)
                0x00000508                __aeabi_frsub
                0x00000510                __subsf3
                0x00000510                __aeabi_fsub
                0x00000514                __aeabi_fadd
                0x00000514                __addsf3
                0x00000674                __aeabi_ui2f
                0x00000674                __floatunsisf
                0x0000067c                __aeabi_i2f
                0x0000067c                __floatsisf
                0x00000698                __aeabi_ul2f
                0x00000698                __floatundisf
                0x000006a8                __aeabi_l2f
                0x000006a8                __floatdisf
 .text          0x00000724      0x2a0 c:/program files (x86)/eclipse foundation/eclipse cdt/gnu tools arm embedded/8 2018-q4-major/bin/../lib/gcc/arm-none-eabi/8.2.1/thumb/v7e-m/nofp\libgcc.a(_arm_muldivsf3.o)
                0x00000724                __mulsf3
                0x00000724                __aeabi_fmul
                0x0000088c                __aeabi_fdiv
                0x0000088c                __divsf3
 .text          0x000009c4       0xec c:/program files (x86)/eclipse foundation/eclipse cdt/gnu tools arm embedded/8 2018-q4-major/bin/../lib/gcc/arm-none-eabi/8.2.1/thumb/v7e-m/nofp\libgcc.a(_arm_cmpsf2.o)
                0x000009c4                __gesf2
                0x000009c4                __gtsf2
                0x000009cc                __lesf2
                0x000009cc                __ltsf2
                0x000009d4                __nesf2
                0x000009d4                __eqsf2
                0x000009d4                __cmpsf2
                0x00000a34                __aeabi_cfrcmple
                0x00000a3c                __aeabi_cfcmpeq
                0x00000a3c                __aeabi_cfcmple
                0x00000a4c                __aeabi_fcmpeq
                0x00000a60                __aeabi_fcmplt
                0x00000a74                __aeabi_fcmple
                0x00000a88                __aeabi_fcmpge
                0x00000a9c                __aeabi_fcmpgt
 .text          0x00000ab0       0x4c c:/program files (x86)/eclipse foundation/eclipse cdt/gnu tools arm embedded/8 2018-q4-major/bin/../lib/gcc/arm-none-eabi/8.2.1/thumb/v7e-m/nofp\libgcc.a(_arm_fixsfsi.o)
                0x00000ab0                __aeabi_f2iz
                0x00000ab0                __fixsfsi
 .text          0x00000afc       0x40 c:/program files (x86)/eclipse foundation/eclipse cdt/gnu tools arm embedded/8 2018-q4-major/bin/../lib/gcc/arm-none-eabi/8.2.1/thumb/v7e-m/nofp\libgcc.a(_arm_fixunssfsi.o)
                0x00000afc                __fixunssfsi
                0x00000afc                __aeabi_f2uiz
 .text          0x00000b3c       0x30 c:/program files (x86)/eclipse foundation/eclipse cdt/gnu tools arm embedded/8 2018-q4-major/bin/../lib/gcc/arm-none-eabi/8.2.1/thumb/v7e-m/nofp\libgcc.a(_aeabi_uldivmod.o)
                0x00000b3c                __aeabi_uldivmod
 .text          0x00000b6c      0x2d0 c:/program files (x86)/eclipse foundation/eclipse cdt/gnu tools arm embedded/8 2018-q4-major/bin/../lib/gcc/arm-none-eabi/8.2.1/thumb/v7e-m/nofp\libgcc.a(_udivmoddi4.o)
                0x00000b6c                __udivmoddi4
 .text          0x00000e3c        0x4 c:/program files (x86)/eclipse foundation/eclipse cdt/gnu tools arm embedded/8 2018-q4-major/bin/../lib/gcc/arm-none-eabi/8.2.1/thumb/v7e-m/nofp\libgcc.a(_dvmd_tls.o)
                0x00000e3c                __aeabi_idiv0
                0x00000e3c                __aeabi_ldiv0
 *(.text*)
 .text.NVIC_SetPriority
                0x00000e40       0x58 ./Startup_Code/console.o
 .text._ZN5USBDML16enablePortClocksEm
                0x00000e98       0x34 ./Startup_Code/console.o
 .text._ZN5USBDM7SimInfo13getUart0ClockEv
                0x00000ecc       0x14 ./Startup_Code/console.o
                0x00000ecc                USBDM::SimInfo::getUart0Clock()
 .text._ZN5USBDM9Uart0Info11enableClockEv
                0x00000ee0       0x28 ./Startup_Code/console.o
                0x00000ee0                USBDM::Uart0Info::enableClock()
 .text._ZN5USBDM9Uart0Info22getInputClockFrequencyEv
                0x00000f08        0xe ./Startup_Code/console.o
                0x00000f08                USBDM::Uart0Info::getInputClockFrequency()
 *fill*         0x00000f16        0x2 
 .text._ZN5USBDM9Uart0Info8initPCRsEm
                0x00000f18       0x2c ./Startup_Code/console.o
                0x00000f18                USBDM::Uart0Info::initPCRs(unsigned long)
 .text._ZN5USBDM18FormattingSettingsC2Ev
                0x00000f44       0x46 ./Startup_Code/console.o
                0x00000f44                USBDM::FormattingSettings::FormattingSettings()
                0x00000f44                USBDM::FormattingSettings::FormattingSettings()
 *fill*         0x00000f8a        0x2 
 .text._ZN5USBDM11FormattedIOC2Ev
                0x00000f8c       0x34 ./Startup_Code/console.o
                0x00000f8c                USBDM::FormattedIO::FormattedIO()
                0x00000f8c                USBDM::FormattedIO::FormattedIO()
 .text._ZN5USBDM11FormattedIOD2Ev
                0x00000fc0       0x20 ./Startup_Code/console.o
                0x00000fc0                USBDM::FormattedIO::~FormattedIO()
                0x00000fc0                USBDM::FormattedIO::~FormattedIO()
 .text._ZN5USBDM11FormattedIOD0Ev
                0x00000fe0       0x20 ./Startup_Code/console.o
                0x00000fe0                USBDM::FormattedIO::~FormattedIO()
 .text._ZN5USBDM11FormattedIO9writeCharEc
                0x00001000       0x24 ./Startup_Code/console.o
                0x00001000                USBDM::FormattedIO::writeChar(char)
 .text._ZN5USBDM11FormattedIO5writeEc
                0x00001024       0x20 ./Startup_Code/console.o
                0x00001024                USBDM::FormattedIO::write(char)
 .text._ZN5USBDM11FormattedIO7writelnEv
                0x00001044       0x1a ./Startup_Code/console.o
                0x00001044                USBDM::FormattedIO::writeln()
 .text._ZN5USBDM11FormattedIO5writeEPKc
                0x0000105e       0x2e ./Startup_Code/console.o
                0x0000105e                USBDM::FormattedIO::write(char const*)
 .text._ZN5USBDM11FormattedIO7writelnEPKc
                0x0000108c       0x22 ./Startup_Code/console.o
                0x0000108c                USBDM::FormattedIO::writeln(char const*)
 .text._ZN5USBDM11FormattedIO7setEchoENS_8EchoModeE
                0x000010ae       0x1e ./Startup_Code/console.o
                0x000010ae                USBDM::FormattedIO::setEcho(USBDM::EchoMode)
 .text._ZN5USBDM4Uart16_isCharAvailableEv
                0x000010cc       0x28 ./Startup_Code/console.o
                0x000010cc                USBDM::Uart::_isCharAvailable()
 .text._ZN5USBDM4Uart9_readCharEv
                0x000010f4       0x42 ./Startup_Code/console.o
                0x000010f4                USBDM::Uart::_readChar()
 .text._ZN5USBDM4Uart10_writeCharEc
                0x00001136       0x46 ./Startup_Code/console.o
                0x00001136                USBDM::Uart::_writeChar(char)
 .text._ZN5USBDM4UartC2ERV9UART_Type
                0x0000117c       0x2c ./Startup_Code/console.o
                0x0000117c                USBDM::Uart::Uart(UART_Type volatile&)
                0x0000117c                USBDM::Uart::Uart(UART_Type volatile&)
 .text._ZN5USBDM4UartD2Ev
                0x000011a8       0x24 ./Startup_Code/console.o
                0x000011a8                USBDM::Uart::~Uart()
                0x000011a8                USBDM::Uart::~Uart()
 .text._ZN5USBDM4UartD0Ev
                0x000011cc       0x20 ./Startup_Code/console.o
                0x000011cc                USBDM::Uart::~Uart()
 .text._ZN5USBDM4Uart16setBaudRate_brfaEmm
                0x000011ec       0x8c ./Startup_Code/console.o
                0x000011ec                USBDM::Uart::setBaudRate_brfa(unsigned long, unsigned long)
 .text._ZN5USBDM4Uart11flushOutputEv
                0x00001278       0x2e ./Startup_Code/console.o
                0x00001278                USBDM::Uart::flushOutput()
 .text._ZN5USBDM4Uart10flushInputEv
                0x000012a6       0x20 ./Startup_Code/console.o
                0x000012a6                USBDM::Uart::flushInput()
 *fill*         0x000012c6        0x2 
 .text.console_initialise
                0x000012c8       0x24 ./Startup_Code/console.o
                0x000012c8                console_initialise
 .text._ZN5USBDM9log_errorEPKc
                0x000012ec       0x1c ./Startup_Code/console.o
                0x000012ec                USBDM::log_error(char const*)
 .text._ZN5USBDM11Uart_brfa_TINS_9Uart0InfoEEC2Ej
                0x00001308       0x30 ./Startup_Code/console.o
                0x00001308                USBDM::Uart_brfa_T<USBDM::Uart0Info>::Uart_brfa_T(unsigned int)
                0x00001308                USBDM::Uart_brfa_T<USBDM::Uart0Info>::Uart_brfa_T(unsigned int)
 .text._ZN5USBDM11Uart_brfa_TINS_9Uart0InfoEE11setBaudRateEj
                0x00001338       0x24 ./Startup_Code/console.o
                0x00001338                USBDM::Uart_brfa_T<USBDM::Uart0Info>::setBaudRate(unsigned int)
 .text._ZN5USBDM6Uart_TINS_9Uart0InfoEEC2Ev
                0x0000135c       0x40 ./Startup_Code/console.o
                0x0000135c                USBDM::Uart_T<USBDM::Uart0Info>::Uart_T()
                0x0000135c                USBDM::Uart_T<USBDM::Uart0Info>::Uart_T()
 .text._ZN5USBDM6Uart_TINS_9Uart0InfoEED2Ev
                0x0000139c       0x24 ./Startup_Code/console.o
                0x0000139c                USBDM::Uart_T<USBDM::Uart0Info>::~Uart_T()
                0x0000139c                USBDM::Uart_T<USBDM::Uart0Info>::~Uart_T()
 .text._ZN5USBDM6Uart_TINS_9Uart0InfoEED0Ev
                0x000013c0       0x20 ./Startup_Code/console.o
                0x000013c0                USBDM::Uart_T<USBDM::Uart0Info>::~Uart_T()
 .text._ZN5USBDM6Uart_TINS_9Uart0InfoEE24setNvicInterruptPriorityEm
                0x000013e0       0x2e ./Startup_Code/console.o
                0x000013e0                USBDM::Uart_T<USBDM::Uart0Info>::setNvicInterruptPriority(unsigned long)
 *fill*         0x0000140e        0x2 
 .text._Z41__static_initialization_and_destruction_0ii
                0x00001410       0x44 ./Startup_Code/console.o
 .text._ZN5USBDM11Uart_brfa_TINS_9Uart0InfoEED2Ev
                0x00001454       0x24 ./Startup_Code/console.o
                0x00001454                USBDM::Uart_brfa_T<USBDM::Uart0Info>::~Uart_brfa_T()
                0x00001454                USBDM::Uart_brfa_T<USBDM::Uart0Info>::~Uart_brfa_T()
 .text._ZN5USBDM11Uart_brfa_TINS_9Uart0InfoEED0Ev
                0x00001478       0x20 ./Startup_Code/console.o
                0x00001478                USBDM::Uart_brfa_T<USBDM::Uart0Info>::~Uart_brfa_T()
 .text._ZN5USBDM6Uart_TINS_9Uart0InfoEE10clearErrorEv
                0x00001498       0x18 ./Startup_Code/console.o
                0x00001498                USBDM::Uart_T<USBDM::Uart0Info>::clearError()
 .text._GLOBAL__sub_I__ZN5USBDM7consoleE
                0x000014b0       0x10 ./Startup_Code/console.o
 .text.NVIC_EnableIRQ
                0x000014c0       0x34 ./Startup_Code/mcg.o
 .text._ZN5USBDML12setErrorCodeENS_9ErrorCodeE
                0x000014f4       0x20 ./Startup_Code/mcg.o
 .text._ZN5USBDML16enablePortClocksEm
                0x00001514       0x34 ./Startup_Code/mcg.o
 .text._ZN5USBDM8Osc0Info11getOscClockEv
                0x00001548       0x14 ./Startup_Code/mcg.o
                0x00001548                USBDM::Osc0Info::getOscClock()
 .text._ZN5USBDM8Osc0Info8initPCRsEm
                0x0000155c       0x28 ./Startup_Code/mcg.o
                0x0000155c                USBDM::Osc0Info::initPCRs(unsigned long)
 .text._ZN5USBDM7RtcInfo11enableClockEv
                0x00001584       0x28 ./Startup_Code/mcg.o
                0x00001584                USBDM::RtcInfo::enableClock()
 .text._ZN5USBDM7RtcInfo16getInternalClockEv
                0x000015ac       0x24 ./Startup_Code/mcg.o
                0x000015ac                USBDM::RtcInfo::getInternalClock()
 .text._ZN5USBDM7RtcInfo8initPCRsEm
                0x000015d0       0x12 ./Startup_Code/mcg.o
                0x000015d0                USBDM::RtcInfo::initPCRs(unsigned long)
 *fill*         0x000015e2        0x2 
 .text._ZN5USBDM7McgInfo11getErcClockEv
                0x000015e4       0x34 ./Startup_Code/mcg.o
                0x000015e4                USBDM::McgInfo::getErcClock()
 .text._ZN5USBDM7McgInfo19getInternalIrcClockEv
                0x00001618       0x44 ./Startup_Code/mcg.o
                0x00001618                USBDM::McgInfo::getInternalIrcClock()
 .text._ZN5USBDM7SimInfo8initRegsEv
                0x0000165c       0x70 ./Startup_Code/mcg.o
                0x0000165c                USBDM::SimInfo::initRegs()
 .text._ZN5USBDM3Mcg14setSysDividersEm
                0x000016cc       0x24 ./Startup_Code/mcg.o
                0x000016cc                USBDM::Mcg::setSysDividers(unsigned long)
 .text._ZN5USBDM3Mcg20enableNvicInterruptsEv
                0x000016f0       0x10 ./Startup_Code/mcg.o
                0x000016f0                USBDM::Mcg::enableNvicInterrupts()
 .text._ZN5USBDM3Mcg10initialiseEv
                0x00001700        0xc ./Startup_Code/mcg.o
                0x00001700                USBDM::Mcg::initialise()
 .text._ZN5USBDM3Mcg15clockTransitionERKNS_7McgInfo9ClockInfoE
                0x0000170c      0x300 ./Startup_Code/mcg.o
                0x0000170c                USBDM::Mcg::clockTransition(USBDM::McgInfo::ClockInfo const&)
 .text._ZN5USBDM3Mcg21SystemCoreClockUpdateEv
                0x00001a0c      0x25c ./Startup_Code/mcg.o
                0x00001a0c                USBDM::Mcg::SystemCoreClockUpdate()
 .text._ZN5USBDM3Mcg16defaultConfigureEv
                0x00001c68       0x28 ./Startup_Code/mcg.o
                0x00001c68                USBDM::Mcg::defaultConfigure()
 .text.clock_initialise
                0x00001c90       0x14 ./Startup_Code/mcg.o
                0x00001c90                clock_initialise
 .text._ZN5USBDM9OscBase_TINS_8Osc0InfoEE10initialiseEv
                0x00001ca4        0xc ./Startup_Code/mcg.o
                0x00001ca4                USBDM::OscBase_T<USBDM::Osc0Info>::initialise()
 .text._ZN5USBDM9RtcBase_TINS_7RtcInfoEE10initialiseEv
                0x00001cb0        0xc ./Startup_Code/mcg.o
                0x00001cb0                USBDM::RtcBase_T<USBDM::RtcInfo>::initialise()
 .text._ZN5USBDM9OscBase_TINS_8Osc0InfoEE16defaultConfigureEv
                0x00001cbc       0x18 ./Startup_Code/mcg.o
                0x00001cbc                USBDM::OscBase_T<USBDM::Osc0Info>::defaultConfigure()
 .text._ZN5USBDM9RtcBase_TINS_7RtcInfoEE16defaultConfigureEv
                0x00001cd4       0xbc ./Startup_Code/mcg.o
                0x00001cd4                USBDM::RtcBase_T<USBDM::RtcInfo>::defaultConfigure()
 .text._ZN5USBDM9RtcBase_TINS_7RtcInfoEE3rtcEv
                0x00001d90       0x14 ./Startup_Code/mcg.o
                0x00001d90                USBDM::RtcBase_T<USBDM::RtcInfo>::rtc()
 .text._sbrk    0x00001da4       0x54 ./Startup_Code/newlib_stubs.o
                0x00001da4                _sbrk
 .text._exit    0x00001df8        0xc ./Startup_Code/newlib_stubs.o
                0x00001df8                _exit
 .text.__cxa_pure_virtual
                0x00001e04        0xa ./Startup_Code/system-gcc.o
                0x00001e04                __cxa_pure_virtual
 .text.rtc_initialise
                0x00001e0e        0xc ./Startup_Code/system.o
                0x00001e0e                rtc_initialise
 .text.software_init_hook
                0x00001e1a        0xc ./Startup_Code/system.o
                0x00001e1a                software_init_hook
 *fill*         0x00001e26        0x2 
 .text.SystemInitLowLevel
                0x00001e28       0x44 ./Startup_Code/system.o
                0x00001e28                SystemInitLowLevel
 .text.SystemInit
                0x00001e6c       0x18 ./Startup_Code/system.o
                0x00001e6c                SystemInit
 .text._ZN5USBDM9PmcBase_TINS_7PmcInfoEE11releasePinsEv
                0x00001e84       0x20 ./Startup_Code/system.o
                0x00001e84                USBDM::PmcBase_T<USBDM::PmcInfo>::releasePins()
 .text._ZN5USBDM11FormattedIO10setPaddingENS_7PaddingE
                0x00001ea4       0x1e ./Startup_Code/vectors.o
                0x00001ea4                USBDM::FormattedIO::setPadding(USBDM::Padding)
 .text._ZN5USBDM11FormattedIO8setWidthEj
                0x00001ec2       0x1e ./Startup_Code/vectors.o
                0x00001ec2                USBDM::FormattedIO::setWidth(unsigned int)
 .text._ZN5USBDM11FormattedIO5ultoaEPcmNS_5RadixENS_7PaddingEib
                0x00001ee0      0x170 ./Startup_Code/vectors.o
                0x00001ee0                USBDM::FormattedIO::ultoa(char*, unsigned long, USBDM::Radix, USBDM::Padding, int, bool)
 .text._ZN5USBDM11FormattedIO5writeEmNS_5RadixE
                0x00002050       0x42 ./Startup_Code/vectors.o
                0x00002050                USBDM::FormattedIO::write(unsigned long, USBDM::Radix)
 .text._ZN5USBDM11FormattedIO7writelnEmNS_5RadixE
                0x00002092       0x2a ./Startup_Code/vectors.o
                0x00002092                USBDM::FormattedIO::writeln(unsigned long, USBDM::Radix)
 .text._ZN5USBDM11FormattedIO7writelnEPKvNS_5RadixE
                0x000020bc       0x24 ./Startup_Code/vectors.o
                0x000020bc                USBDM::FormattedIO::writeln(void const*, USBDM::Radix)
 .text._ZN5USBDM11FormattedIO7writelnEjNS_5RadixE
                0x000020e0       0x24 ./Startup_Code/vectors.o
                0x000020e0                USBDM::FormattedIO::writeln(unsigned int, USBDM::Radix)
 .text.Default_Handler
                0x00002104       0x20 ./Startup_Code/vectors.o
                0x00002104                RTC_Alarm_IRQHandler
                0x00002104                DebugMon_Handler
                0x00002104                I2C0_IRQHandler
                0x00002104                SysTick_Handler
                0x00002104                PendSV_Handler
                0x00002104                NMI_Handler
                0x00002104                DMA2_IRQHandler
                0x00002104                PIT0_IRQHandler
                0x00002104                LLWU_IRQHandler
                0x00002104                TSI0_IRQHandler
                0x00002104                SWI_IRQHandler
                0x00002104                ADC0_IRQHandler
                0x00002104                UsageFault_Handler
                0x00002104                I2S0_Tx_IRQHandler
                0x00002104                CMT_IRQHandler
                0x00002104                CMP1_IRQHandler
                0x00002104                PORTD_IRQHandler
                0x00002104                PORTB_IRQHandler
                0x00002104                USBDCD0_IRQHandler
                0x00002104                PIT2_IRQHandler
                0x00002104                I2S0_Rx_IRQHandler
                0x00002104                PDB0_IRQHandler
                0x00002104                FTM1_IRQHandler
                0x00002104                UART0_RxTx_IRQHandler
                0x00002104                PIT3_IRQHandler
                0x00002104                RTC_Seconds_IRQHandler
                0x00002104                MCG_IRQHandler
                0x00002104                Default_Handler
                0x00002104                UART0_Error_IRQHandler
                0x00002104                UART1_RxTx_IRQHandler
                0x00002104                USB0_IRQHandler
                0x00002104                MemManage_Handler
                0x00002104                SVC_Handler
                0x00002104                UART0_Lon_IRQHandler
                0x00002104                DMA3_IRQHandler
                0x00002104                DMA0_IRQHandler
                0x00002104                FTF_ReadCollision_IRQHandler
                0x00002104                UART1_Error_IRQHandler
                0x00002104                UART2_Error_IRQHandler
                0x00002104                UART2_RxTx_IRQHandler
                0x00002104                PMC_IRQHandler
                0x00002104                PIT1_IRQHandler
                0x00002104                DMA_Error_IRQHandler
                0x00002104                SPI0_IRQHandler
                0x00002104                FTM0_IRQHandler
                0x00002104                FTF_Command_IRQHandler
                0x00002104                PORTA_IRQHandler
                0x00002104                PORTE_IRQHandler
                0x00002104                WDOG_IRQHandler
                0x00002104                LPTMR0_IRQHandler
                0x00002104                BusFault_Handler
                0x00002104                CMP0_IRQHandler
                0x00002104                PORTC_IRQHandler
                0x00002104                DMA1_IRQHandler
 .text.HardFault_Handler
                0x00002124       0x16 ./Startup_Code/vectors.o
                0x00002124                HardFault_Handler
 *fill*         0x0000213a        0x2 
 .text._HardFault_Handler
                0x0000213c      0x1b0 ./Startup_Code/vectors.o
                0x0000213c                _HardFault_Handler
 .text._ZN5USBDML12setErrorCodeENS_9ErrorCodeE
                0x000022ec       0x20 ./Sources/PITlab5.o
 .text._ZN5USBDM13_usbdm_assertEPKc
                0x0000230c       0x16 ./Sources/PITlab5.o
                0x0000230c                USBDM::_usbdm_assert(char const*)
 *fill*         0x00002322        0x2 
 .text._ZN5USBDM7PitInfo11enableClockEv
                0x00002324       0x28 ./Sources/PITlab5.o
                0x00002324                USBDM::PitInfo::enableClock()
 .text._ZN5USBDMplENS_13PitChannelNumEj
                0x0000234c       0x1a ./Sources/PITlab5.o
                0x0000234c                USBDM::operator+(USBDM::PitChannelNum, unsigned int)
 .text._ZN5USBDMplENS_13PitChannelNumEi
                0x00002366       0x1e ./Sources/PITlab5.o
                0x00002366                USBDM::operator+(USBDM::PitChannelNum, int)
 .text._Z13initializePITv
                0x00002384       0x12 ./Sources/PITlab5.o
                0x00002384                initializePIT()
 *fill*         0x00002396        0x2 
 .text._Z12SpeedAdvancej
                0x00002398       0xe8 ./Sources/PITlab5.o
                0x00002398                SpeedAdvance(unsigned int)
 .text._ZN5USBDM9PitBase_TINS_7PitInfoEE9configureENS_12PitDebugModeE
                0x00002480       0x48 ./Sources/PITlab5.o
                0x00002480                USBDM::PitBase_T<USBDM::PitInfo>::configure(USBDM::PitDebugMode)
 .text._ZN5USBDM9PitBase_TINS_7PitInfoEE6enableEv
                0x000024c8       0x10 ./Sources/PITlab5.o
                0x000024c8                USBDM::PitBase_T<USBDM::PitInfo>::enable()
 .text._ZN5USBDM9PitBase_TINS_7PitInfoEE14disableChannelENS_13PitChannelNumE
                0x000024d8       0x30 ./Sources/PITlab5.o
                0x000024d8                USBDM::PitBase_T<USBDM::PitInfo>::disableChannel(USBDM::PitChannelNum)
 .text._ZN5USBDM9PitBase_TINS_7PitInfoEE5delayENS_13PitChannelNumEf
                0x00002508       0x48 ./Sources/PITlab5.o
                0x00002508                USBDM::PitBase_T<USBDM::PitInfo>::delay(USBDM::PitChannelNum, float)
 .text._ZN5USBDM9PitBase_TINS_7PitInfoEE16configureChannelENS_13PitChannelNumEfNS_13PitChannelIrqE
                0x00002550       0x2a ./Sources/PITlab5.o
                0x00002550                USBDM::PitBase_T<USBDM::PitInfo>::configureChannel(USBDM::PitChannelNum, float, USBDM::PitChannelIrq)
 *fill*         0x0000257a        0x2 
 .text._ZN5USBDM9PitBase_TINS_7PitInfoEE23configureChannelInTicksENS_13PitChannelNumEmNS_13PitChannelIrqE
                0x0000257c       0x74 ./Sources/PITlab5.o
                0x0000257c                USBDM::PitBase_T<USBDM::PitInfo>::configureChannelInTicks(USBDM::PitChannelNum, unsigned long, USBDM::PitChannelIrq)
 .text._ZN5USBDM9PitBase_TINS_7PitInfoEE21convertSecondsToTicksEf
                0x000025f0       0xac ./Sources/PITlab5.o
                0x000025f0                USBDM::PitBase_T<USBDM::PitInfo>::convertSecondsToTicks(float)
 .text._ZN5USBDML9waitTicksEx
                0x0000269c       0x74 ./Sources/delay.o
 .text._ZN5USBDM6waitUSEm
                0x00002710       0x50 ./Sources/delay.o
                0x00002710                USBDM::waitUS(unsigned long)
 .text._ZN5USBDM6waitMSEm
                0x00002760       0x50 ./Sources/delay.o
                0x00002760                USBDM::waitMS(unsigned long)
 .text._ZN5USBDM3I2c16startTransactionEi
                0x000027b0       0x16 ./Sources/i2c.o
                0x000027b0                USBDM::I2c::startTransaction(int)
 .text._ZN5USBDM3I2c14endTransactionEv
                0x000027c6       0x14 ./Sources/i2c.o
                0x000027c6                USBDM::I2c::endTransaction()
 .text._ZN5USBDM3I2c13waitWhileBusyEv
                0x000027da       0x44 ./Sources/i2c.o
                0x000027da                USBDM::I2c::waitWhileBusy()
 *fill*         0x0000281e        0x2 
 .text._ZN5USBDM3I2c11getBPSValueEmm
                0x00002820       0xb4 ./Sources/i2c.o
                0x00002820                USBDM::I2c::getBPSValue(unsigned long, unsigned long)
 .text._ZN5USBDM3I2c11sendAddressEh
                0x000028d4       0x62 ./Sources/i2c.o
                0x000028d4                USBDM::I2c::sendAddress(unsigned char)
 .text._ZN5USBDM3I2c4pollEv
                0x00002936      0x228 ./Sources/i2c.o
                0x00002936                USBDM::I2c::poll()
 .text._ZN5USBDM3I2c8transmitEhtPKh
                0x00002b5e       0x50 ./Sources/i2c.o
                0x00002b5e                USBDM::I2c::transmit(unsigned char, unsigned short, unsigned char const*)
 .text._ZN5USBDM3I2c4txRxEhtPKhtPh
                0x00002bae       0x56 ./Sources/i2c.o
                0x00002bae                USBDM::I2c::txRx(unsigned char, unsigned short, unsigned char const*, unsigned short, unsigned char*)
 .text._ZN5USBDM3I2c4txRxEhttPh
                0x00002c04       0x38 ./Sources/i2c.o
                0x00002c04                USBDM::I2c::txRx(unsigned char, unsigned short, unsigned short, unsigned char*)
 .text.NVIC_EnableIRQ
                0x00002c3c       0x34 ./Sources/main.o
 .text._ZN5USBDML16enablePortClocksEm
                0x00002c70       0x34 ./Sources/main.o
 .text._ZN5USBDM8I2c0Info22getInputClockFrequencyEv
                0x00002ca4       0x14 ./Sources/main.o
                0x00002ca4                USBDM::I2c0Info::getInputClockFrequency()
 .text._ZN5USBDM8I2c0Info11enableClockEv
                0x00002cb8       0x28 ./Sources/main.o
                0x00002cb8                USBDM::I2c0Info::enableClock()
 .text._ZN5USBDM8I2c0Info8initPCRsEm
                0x00002ce0       0x2c ./Sources/main.o
                0x00002ce0                USBDM::I2c0Info::initPCRs(unsigned long)
 .text._ZN5USBDM11FormattedIO5writeElNS_5RadixE
                0x00002d0c       0x5a ./Sources/main.o
                0x00002d0c                USBDM::FormattedIO::write(long, USBDM::Radix)
 .text._ZN5USBDM11FormattedIO5writeEiNS_5RadixE
                0x00002d66       0x24 ./Sources/main.o
                0x00002d66                USBDM::FormattedIO::write(int, USBDM::Radix)
 *fill*         0x00002d8a        0x2 
 .text._ZN5USBDM3I2cC2EPV8I2C_TypeNS_7I2cModeE
                0x00002d8c       0x5c ./Sources/main.o
                0x00002d8c                USBDM::I2c::I2c(I2C_Type volatile*, USBDM::I2cMode)
                0x00002d8c                USBDM::I2c::I2c(I2C_Type volatile*, USBDM::I2cMode)
 .text._ZN5USBDM3I2cD2Ev
                0x00002de8       0x20 ./Sources/main.o
                0x00002de8                USBDM::I2c::~I2c()
                0x00002de8                USBDM::I2c::~I2c()
 .text._ZN5USBDM3I2c6setBPSEmm
                0x00002e08       0x24 ./Sources/main.o
                0x00002e08                USBDM::I2c::setBPS(unsigned long, unsigned long)
 .text._ZN5USBDM7MMA845x8cr1ValueENS0_13AccelDataRateENS0_18AccelSleepDataRateEbbb
                0x00002e2c       0x64 ./Sources/main.o
                0x00002e2c                USBDM::MMA845x::cr1Value(USBDM::MMA845x::AccelDataRate, USBDM::MMA845x::AccelSleepDataRate, bool, bool, bool)
 .text._Z10randomWalkv
                0x00002e90       0x64 ./Sources/main.o
                0x00002e90                randomWalk()
 .text._Z6scoresj
                0x00002ef4       0x7c ./Sources/main.o
                0x00002ef4                scores(unsigned int)
 .text._Z6reportRN5USBDM7MMA845xE
                0x00002f70       0xa0 ./Sources/main.o
                0x00002f70                report(USBDM::MMA845x&)
 .text.main     0x00003010      0x174 ./Sources/main.o
                0x00003010                main
 .text._ZN5USBDM9I2cBase_TINS_8I2c0InfoEEC2EjNS_7I2cModeEh
                0x00003184       0x58 ./Sources/main.o
                0x00003184                USBDM::I2cBase_T<USBDM::I2c0Info>::I2cBase_T(unsigned int, USBDM::I2cMode, unsigned char)
                0x00003184                USBDM::I2cBase_T<USBDM::I2c0Info>::I2cBase_T(unsigned int, USBDM::I2cMode, unsigned char)
 .text._ZN5USBDM9I2cBase_TINS_8I2c0InfoEE12busHangResetEv
                0x000031dc       0x6a ./Sources/main.o
                0x000031dc                USBDM::I2cBase_T<USBDM::I2c0Info>::busHangReset()
 *fill*         0x00003246        0x2 
 .text._ZN5USBDM9I2cBase_TINS_8I2c0InfoEE4initEh
                0x00003248       0x70 ./Sources/main.o
                0x00003248                USBDM::I2cBase_T<USBDM::I2c0Info>::init(unsigned char)
 .text._ZN5USBDM9I2cBase_TINS_8I2c0InfoEE6setBPSEm
                0x000032b8       0x24 ./Sources/main.o
                0x000032b8                USBDM::I2cBase_T<USBDM::I2c0Info>::setBPS(unsigned long)
 .text._ZN5USBDM10GpioBase_TILm1024ELm1074044928EL9IRQn_Type41ELm1074786368ELj0ELNS_8PolarityE0EE9setOutputEm
                0x000032dc       0x28 ./Sources/main.o
                0x000032dc                USBDM::GpioBase_T<1024ul, 1074044928ul, (IRQn_Type)41, 1074786368ul, 0u, (USBDM::Polarity)0>::setOutput(unsigned long)
 .text._ZN5USBDM10GpioBase_TILm1024ELm1074044928EL9IRQn_Type41ELm1074786368ELj1ELNS_8PolarityE1EE8setInputEm
                0x00003304       0x24 ./Sources/main.o
                0x00003304                USBDM::GpioBase_T<1024ul, 1074044928ul, (IRQn_Type)41, 1074786368ul, 1u, (USBDM::Polarity)1>::setInput(unsigned long)
 .text._ZN5USBDM10GpioBase_TILm1024ELm1074044928EL9IRQn_Type41ELm1074786368ELj0ELNS_8PolarityE0EE4highEv
                0x00003328       0x12 ./Sources/main.o
                0x00003328                USBDM::GpioBase_T<1024ul, 1074044928ul, (IRQn_Type)41, 1074786368ul, 0u, (USBDM::Polarity)0>::high()
 .text._ZN5USBDM10GpioBase_TILm1024ELm1074044928EL9IRQn_Type41ELm1074786368ELj1ELNS_8PolarityE1EE4readEv
                0x0000333a        0xe ./Sources/main.o
                0x0000333a                USBDM::GpioBase_T<1024ul, 1074044928ul, (IRQn_Type)41, 1074786368ul, 1u, (USBDM::Polarity)1>::read()
 .text._ZN5USBDM10GpioBase_TILm1024ELm1074044928EL9IRQn_Type41ELm1074786368ELj0ELNS_8PolarityE0EE3lowEv
                0x00003348       0x12 ./Sources/main.o
                0x00003348                USBDM::GpioBase_T<1024ul, 1074044928ul, (IRQn_Type)41, 1074786368ul, 0u, (USBDM::Polarity)0>::low()
 .text._ZN5USBDM10GpioBase_TILm1024ELm1074044928EL9IRQn_Type41ELm1074786368ELj0ELNS_8PolarityE0EE11setInactiveEv
                0x0000335a        0xc ./Sources/main.o
                0x0000335a                USBDM::GpioBase_T<1024ul, 1074044928ul, (IRQn_Type)41, 1074786368ul, 0u, (USBDM::Polarity)0>::setInactive()
 .text._ZN5USBDM10GpioBase_TILm1024ELm1074044928EL9IRQn_Type41ELm1074786368ELj0ELNS_8PolarityE0EE6setOutEv
                0x00003366       0x16 ./Sources/main.o
                0x00003366                USBDM::GpioBase_T<1024ul, 1074044928ul, (IRQn_Type)41, 1074786368ul, 0u, (USBDM::Polarity)0>::setOut()
 .text._ZN5USBDM5Pcr_TILm1024ELm1074044928EL9IRQn_Type41ELi0ELm256EE6setPCREm
                0x0000337c       0x22 ./Sources/main.o
                0x0000337c                USBDM::Pcr_T<1024ul, 1074044928ul, (IRQn_Type)41, 0, 256ul>::setPCR(unsigned long)
 .text._ZN5USBDM10GpioBase_TILm1024ELm1074044928EL9IRQn_Type41ELm1074786368ELj1ELNS_8PolarityE1EE5setInEv
                0x0000339e       0x16 ./Sources/main.o
                0x0000339e                USBDM::GpioBase_T<1024ul, 1074044928ul, (IRQn_Type)41, 1074786368ul, 1u, (USBDM::Polarity)1>::setIn()
 .text._ZN5USBDM5Pcr_TILm1024ELm1074044928EL9IRQn_Type41ELi1ELm256EE6setPCREm
                0x000033b4       0x22 ./Sources/main.o
                0x000033b4                USBDM::Pcr_T<1024ul, 1074044928ul, (IRQn_Type)41, 1, 256ul>::setPCR(unsigned long)
 *fill*         0x000033d6        0x2 
 .text._ZN5USBDM10GpioBase_TILm1024ELm1074044928EL9IRQn_Type41ELm1074786368ELj0ELNS_8PolarityE0EE4gpioEv
                0x000033d8       0x14 ./Sources/main.o
                0x000033d8                USBDM::GpioBase_T<1024ul, 1074044928ul, (IRQn_Type)41, 1074786368ul, 0u, (USBDM::Polarity)0>::gpio()
 .text._ZN5USBDM10GpioBase_TILm1024ELm1074044928EL9IRQn_Type41ELm1074786368ELj1ELNS_8PolarityE1EE6isHighEv
                0x000033ec       0x1e ./Sources/main.o
                0x000033ec                USBDM::GpioBase_T<1024ul, 1074044928ul, (IRQn_Type)41, 1074786368ul, 1u, (USBDM::Polarity)1>::isHigh()
 .text._ZN5USBDM10GpioBase_TILm1024ELm1074044928EL9IRQn_Type41ELm1074786368ELj0ELNS_8PolarityE0EE3setEv
                0x0000340a       0x12 ./Sources/main.o
                0x0000340a                USBDM::GpioBase_T<1024ul, 1074044928ul, (IRQn_Type)41, 1074786368ul, 0u, (USBDM::Polarity)0>::set()
 .text._ZN5USBDM5Pcr_TILm1024ELm1074044928EL9IRQn_Type41ELi0ELm256EE6pcrRegEv
                0x0000341c       0x14 ./Sources/main.o
                0x0000341c                USBDM::Pcr_T<1024ul, 1074044928ul, (IRQn_Type)41, 0, 256ul>::pcrReg()
 .text._ZN5USBDM10GpioBase_TILm1024ELm1074044928EL9IRQn_Type41ELm1074786368ELj1ELNS_8PolarityE1EE4gpioEv
                0x00003430       0x14 ./Sources/main.o
                0x00003430                USBDM::GpioBase_T<1024ul, 1074044928ul, (IRQn_Type)41, 1074786368ul, 1u, (USBDM::Polarity)1>::gpio()
 .text._ZN5USBDM5Pcr_TILm1024ELm1074044928EL9IRQn_Type41ELi1ELm256EE6pcrRegEv
                0x00003444       0x14 ./Sources/main.o
                0x00003444                USBDM::Pcr_T<1024ul, 1074044928ul, (IRQn_Type)41, 1, 256ul>::pcrReg()
 .text._Z41__static_initialization_and_destruction_0ii
                0x00003458       0x68 ./Sources/main.o
 .text._ZN5USBDM9I2cBase_TINS_8I2c0InfoEED2Ev
                0x000034c0       0x24 ./Sources/main.o
                0x000034c0                USBDM::I2cBase_T<USBDM::I2c0Info>::~I2cBase_T()
                0x000034c0                USBDM::I2cBase_T<USBDM::I2c0Info>::~I2cBase_T()
 .text._ZN5USBDM9I2cBase_TINS_8I2c0InfoEED0Ev
                0x000034e4       0x20 ./Sources/main.o
                0x000034e4                USBDM::I2cBase_T<USBDM::I2c0Info>::~I2cBase_T()
 .text._GLOBAL__sub_I_i2c0
                0x00003504       0x10 ./Sources/main.o
 .text._Z9SetOutputv
                0x00003514       0x2c ./Sources/mcpio.o
                0x00003514                SetOutput()
 .text._Z8WritePinj
                0x00003540       0x40 ./Sources/mcpio.o
                0x00003540                WritePin(unsigned int)
 .text._Z41__static_initialization_and_destruction_0ii
                0x00003580       0x48 ./Sources/mcpio.o
 .text._GLOBAL__sub_I_i2c
                0x000035c8       0x10 ./Sources/mcpio.o
 .text._ZN5USBDML12setErrorCodeENS_9ErrorCodeE
                0x000035d8       0x20 ./Sources/mma845x.o
 .text._ZN5USBDM7MMA845xC2ERNS_3I2cENS0_17AccelerometerModeEh
                0x000035f8       0x58 ./Sources/mma845x.o
                0x000035f8                USBDM::MMA845x::MMA845x(USBDM::I2c&, USBDM::MMA845x::AccelerometerMode, unsigned char)
                0x000035f8                USBDM::MMA845x::MMA845x(USBDM::I2c&, USBDM::MMA845x::AccelerometerMode, unsigned char)
 .text._ZN5USBDM7MMA845x7readRegEh
                0x00003650       0x30 ./Sources/mma845x.o
                0x00003650                USBDM::MMA845x::readReg(unsigned char)
 .text._ZN5USBDM7MMA845x8writeRegEhh
                0x00003680       0x30 ./Sources/mma845x.o
                0x00003680                USBDM::MMA845x::writeReg(unsigned char, unsigned char)
 .text._ZN5USBDM7MMA845x5resetEv
                0x000036b0       0x22 ./Sources/mma845x.o
                0x000036b0                USBDM::MMA845x::reset()
 .text._ZN5USBDM7MMA845x20readAccelerometerXYZERiRsS2_S2_
                0x000036d2       0x98 ./Sources/mma845x.o
                0x000036d2                USBDM::MMA845x::readAccelerometerXYZ(int&, short&, short&, short&)
 .text._ZN5USBDM7MMA845x9configureENS0_17AccelerometerModeEh
                0x0000376a       0x3a ./Sources/mma845x.o
                0x0000376a                USBDM::MMA845x::configure(USBDM::MMA845x::AccelerometerMode, unsigned char)
 .text._ZN5USBDM7MMA845x6readIDEv
                0x000037a4       0x2a ./Sources/mma845x.o
                0x000037a4                USBDM::MMA845x::readID()
 *fill*         0x000037ce        0x2 
 .text._ZN5USBDM7MMA845x22calibrateAccelerometerEv
                0x000037d0      0x194 ./Sources/mma845x.o
                0x000037d0                USBDM::MMA845x::calibrateAccelerometer()
 .text._ZN5USBDM15getErrorMessageENS_9ErrorCodeE
                0x00003964       0x2c ./Sources/usbdmError.o
                0x00003964                USBDM::getErrorMessage(USBDM::ErrorCode)
 .text._ZN5USBDM10checkErrorEv
                0x00003990       0x50 ./Sources/usbdmError.o
                0x00003990                USBDM::checkError()
 .text.cpp_initialise
                0x000039e0        0xc ./Sources/usbdmError.o
                0x000039e0                cpp_initialise
 .text.__aeabi_atexit
                0x000039ec        0xa c:/program files (x86)/eclipse foundation/eclipse cdt/gnu tools arm embedded/8 2018-q4-major/bin/../lib/gcc/arm-none-eabi/8.2.1/../../../../arm-none-eabi/lib/thumb/v7e-m/nofp\libstdc++_nano.a(atexit_arm.o)
                0x000039ec                __aeabi_atexit
 .text._ZdlPvj  0x000039f6        0x4 c:/program files (x86)/eclipse foundation/eclipse cdt/gnu tools arm embedded/8 2018-q4-major/bin/../lib/gcc/arm-none-eabi/8.2.1/../../../../arm-none-eabi/lib/thumb/v7e-m/nofp\libstdc++_nano.a(del_ops.o)
                0x000039f6                operator delete(void*, unsigned int)
 .text._ZdlPv   0x000039fa        0x4 c:/program files (x86)/eclipse foundation/eclipse cdt/gnu tools arm embedded/8 2018-q4-major/bin/../lib/gcc/arm-none-eabi/8.2.1/../../../../arm-none-eabi/lib/thumb/v7e-m/nofp\libstdc++_nano.a(del_op.o)
                0x000039fa                operator delete(void*)
 *fill*         0x000039fe        0x2 
 .text.rintf    0x00003a00       0xa8 c:/program files (x86)/eclipse foundation/eclipse cdt/gnu tools arm embedded/8 2018-q4-major/bin/../lib/gcc/arm-none-eabi/8.2.1/../../../../arm-none-eabi/lib/thumb/v7e-m/nofp\libm.a(lib_a-sf_rint.o)
                0x00003a00                rintf
 .text.__cxa_atexit
                0x00003aa8       0x1c c:/program files (x86)/eclipse foundation/eclipse cdt/gnu tools arm embedded/8 2018-q4-major/bin/../lib/gcc/arm-none-eabi/8.2.1/../../../../arm-none-eabi/lib/thumb/v7e-m/nofp\libg_nano.a(lib_a-cxa_atexit.o)
                0x00003aa8                __cxa_atexit
 .text.exit     0x00003ac4       0x28 c:/program files (x86)/eclipse foundation/eclipse cdt/gnu tools arm embedded/8 2018-q4-major/bin/../lib/gcc/arm-none-eabi/8.2.1/../../../../arm-none-eabi/lib/thumb/v7e-m/nofp\libg_nano.a(lib_a-exit.o)
                0x00003ac4                exit
 .text.__libc_init_array
                0x00003aec       0x48 c:/program files (x86)/eclipse foundation/eclipse cdt/gnu tools arm embedded/8 2018-q4-major/bin/../lib/gcc/arm-none-eabi/8.2.1/../../../../arm-none-eabi/lib/thumb/v7e-m/nofp\libg_nano.a(lib_a-init.o)
                0x00003aec                __libc_init_array
 .text.malloc   0x00003b34       0x10 c:/program files (x86)/eclipse foundation/eclipse cdt/gnu tools arm embedded/8 2018-q4-major/bin/../lib/gcc/arm-none-eabi/8.2.1/../../../../arm-none-eabi/lib/thumb/v7e-m/nofp\libg_nano.a(lib_a-malloc.o)
                0x00003b34                malloc
 .text.free     0x00003b44       0x10 c:/program files (x86)/eclipse foundation/eclipse cdt/gnu tools arm embedded/8 2018-q4-major/bin/../lib/gcc/arm-none-eabi/8.2.1/../../../../arm-none-eabi/lib/thumb/v7e-m/nofp\libg_nano.a(lib_a-malloc.o)
                0x00003b44                free
 .text.memset   0x00003b54       0x10 c:/program files (x86)/eclipse foundation/eclipse cdt/gnu tools arm embedded/8 2018-q4-major/bin/../lib/gcc/arm-none-eabi/8.2.1/../../../../arm-none-eabi/lib/thumb/v7e-m/nofp\libg_nano.a(lib_a-memset.o)
                0x00003b54                memset
 .text._free_r  0x00003b64       0x9c c:/program files (x86)/eclipse foundation/eclipse cdt/gnu tools arm embedded/8 2018-q4-major/bin/../lib/gcc/arm-none-eabi/8.2.1/../../../../arm-none-eabi/lib/thumb/v7e-m/nofp\libg_nano.a(lib_a-nano-freer.o)
                0x00003b64                _free_r
 .text._malloc_r
                0x00003c00       0xb4 c:/program files (x86)/eclipse foundation/eclipse cdt/gnu tools arm embedded/8 2018-q4-major/bin/../lib/gcc/arm-none-eabi/8.2.1/../../../../arm-none-eabi/lib/thumb/v7e-m/nofp\libg_nano.a(lib_a-nano-mallocr.o)
                0x00003c00                _malloc_r
 .text.rand     0x00003cb4       0x68 c:/program files (x86)/eclipse foundation/eclipse cdt/gnu tools arm embedded/8 2018-q4-major/bin/../lib/gcc/arm-none-eabi/8.2.1/../../../../arm-none-eabi/lib/thumb/v7e-m/nofp\libg_nano.a(lib_a-rand.o)
                0x00003cb4                rand
 .text._sbrk_r  0x00003d1c       0x20 c:/program files (x86)/eclipse foundation/eclipse cdt/gnu tools arm embedded/8 2018-q4-major/bin/../lib/gcc/arm-none-eabi/8.2.1/../../../../arm-none-eabi/lib/thumb/v7e-m/nofp\libg_nano.a(lib_a-sbrkr.o)
                0x00003d1c                _sbrk_r
 .text.__malloc_lock
                0x00003d3c        0xc c:/program files (x86)/eclipse foundation/eclipse cdt/gnu tools arm embedded/8 2018-q4-major/bin/../lib/gcc/arm-none-eabi/8.2.1/../../../../arm-none-eabi/lib/thumb/v7e-m/nofp\libg_nano.a(lib_a-mlock.o)
                0x00003d3c                __malloc_lock
 .text.__malloc_unlock
                0x00003d48        0xc c:/program files (x86)/eclipse foundation/eclipse cdt/gnu tools arm embedded/8 2018-q4-major/bin/../lib/gcc/arm-none-eabi/8.2.1/../../../../arm-none-eabi/lib/thumb/v7e-m/nofp\libg_nano.a(lib_a-mlock.o)
                0x00003d48                __malloc_unlock
 .text.__retarget_lock_acquire_recursive
                0x00003d54        0x2 c:/program files (x86)/eclipse foundation/eclipse cdt/gnu tools arm embedded/8 2018-q4-major/bin/../lib/gcc/arm-none-eabi/8.2.1/../../../../arm-none-eabi/lib/thumb/v7e-m/nofp\libg_nano.a(lib_a-lock.o)
                0x00003d54                __retarget_lock_acquire_recursive
 .text.__retarget_lock_release_recursive
                0x00003d56        0x2 c:/program files (x86)/eclipse foundation/eclipse cdt/gnu tools arm embedded/8 2018-q4-major/bin/../lib/gcc/arm-none-eabi/8.2.1/../../../../arm-none-eabi/lib/thumb/v7e-m/nofp\libg_nano.a(lib_a-lock.o)
                0x00003d56                __retarget_lock_release_recursive
 *(.rodata)
 .rodata        0x00003d58      0x102 ./Startup_Code/vectors.o
 *fill*         0x00003e5a        0x2 
 .rodata        0x00003e5c      0x205 ./Sources/PITlab5.o
 *fill*         0x00004061        0x3 
 .rodata        0x00004064       0xfb ./Sources/main.o
 *fill*         0x0000415f        0x1 
 .rodata        0x00004160      0x182 ./Sources/usbdmError.o
 *(.rodata*)
 *fill*         0x000042e2        0x2 
 .rodata._ZTVN5USBDM11Uart_brfa_TINS_9Uart0InfoEEE
                0x000042e4       0x2c ./Startup_Code/console.o
                0x000042e4                vtable for USBDM::Uart_brfa_T<USBDM::Uart0Info>
 .rodata._ZTVN5USBDM6Uart_TINS_9Uart0InfoEEE
                0x00004310       0x2c ./Startup_Code/console.o
                0x00004310                vtable for USBDM::Uart_T<USBDM::Uart0Info>
 .rodata._ZTVN5USBDM4UartE
                0x0000433c       0x2c ./Startup_Code/console.o
                0x0000433c                vtable for USBDM::Uart
 .rodata._ZTVN5USBDM11FormattedIOE
                0x00004368       0x24 ./Startup_Code/console.o
                0x00004368                vtable for USBDM::FormattedIO
 .rodata._ZN5USBDM3Mcg9clockInfoE
                0x0000438c       0x3c ./Startup_Code/mcg.o
                0x0000438c                USBDM::Mcg::clockInfo
 .rodata._ZN5USBDML20clockTransitionTableE
                0x000043c8       0x40 ./Startup_Code/mcg.o
 .rodata._ZN5USBDM3I2c12I2C_DIVISORSE
                0x00004408       0x80 ./Sources/i2c.o
                0x00004408                USBDM::I2c::I2C_DIVISORS
 .rodata._ZTVN5USBDM3I2cE
                0x00004488       0x18 ./Sources/i2c.o
                0x00004488                vtable for USBDM::I2c
 .rodata._ZTVN5USBDM9I2cBase_TINS_8I2c0InfoEEE
                0x000044a0       0x20 ./Sources/main.o
                0x000044a0                vtable for USBDM::I2cBase_T<USBDM::I2c0Info>
 .rodata._ZZ9SetOutputvE6txData
                0x000044c0        0x2 ./Sources/mcpio.o
 *fill*         0x000044c2        0x2 
 .rodata._ZZN5USBDM7MMA845x22calibrateAccelerometerEvE12clearOffsets
                0x000044c4        0x4 ./Sources/mma845x.o
 .rodata._ZZN5USBDM7MMA845x22calibrateAccelerometerEvE14calibration2Gs
                0x000044c8        0xc ./Sources/mma845x.o
 .rodata._ZZN5USBDM7MMA845x22calibrateAccelerometerEvE18calibrationFactors
                0x000044d4        0xc ./Sources/mma845x.o
 .rodata.TWO23  0x000044e0        0x8 c:/program files (x86)/eclipse foundation/eclipse cdt/gnu tools arm embedded/8 2018-q4-major/bin/../lib/gcc/arm-none-eabi/8.2.1/../../../../arm-none-eabi/lib/thumb/v7e-m/nofp\libm.a(lib_a-sf_rint.o)
 .rodata._global_impure_ptr
                0x000044e8        0x4 c:/program files (x86)/eclipse foundation/eclipse cdt/gnu tools arm embedded/8 2018-q4-major/bin/../lib/gcc/arm-none-eabi/8.2.1/../../../../arm-none-eabi/lib/thumb/v7e-m/nofp\libg_nano.a(lib_a-impure.o)
                0x000044e8                _global_impure_ptr
 *(.init)
 .init          0x000044ec        0x4 c:/program files (x86)/eclipse foundation/eclipse cdt/gnu tools arm embedded/8 2018-q4-major/bin/../lib/gcc/arm-none-eabi/8.2.1/thumb/v7e-m/nofp/crti.o
                0x000044ec                _init
 .init          0x000044f0        0x8 c:/program files (x86)/eclipse foundation/eclipse cdt/gnu tools arm embedded/8 2018-q4-major/bin/../lib/gcc/arm-none-eabi/8.2.1/thumb/v7e-m/nofp/crtn.o
 *(.fini)
 .fini          0x000044f8        0x4 c:/program files (x86)/eclipse foundation/eclipse cdt/gnu tools arm embedded/8 2018-q4-major/bin/../lib/gcc/arm-none-eabi/8.2.1/thumb/v7e-m/nofp/crti.o
                0x000044f8                _fini
 .fini          0x000044fc        0x8 c:/program files (x86)/eclipse foundation/eclipse cdt/gnu tools arm embedded/8 2018-q4-major/bin/../lib/gcc/arm-none-eabi/8.2.1/thumb/v7e-m/nofp/crtn.o
                0x00004504                __CTOR_LIST__ = .
 *crtbegin.o(.ctors)
 *crtbegin?.o(.ctors)
 *(EXCLUDE_FILE(*crtend.o *crtend?.o) .ctors)
 *(SORT_BY_NAME(.ctors.*))
 *(.ctors)
                0x00004504                __CTOR_END__ = .
                0x00004504                __DTOR_LIST__ = .
 *crtbegin.o(.dtors)
 *crtbegin?.o(.dtors)
 *(EXCLUDE_FILE(*crtend.o *crtend?.o) .dtors)
 *(SORT_BY_NAME(.dtors.*))
 *(.dtors)
                0x00004504                __DTOR_END__ = .
                0x00004504                . = ALIGN (0x4)
                0x00004504                PROVIDE (__preinit_array_start = .)
 *(.preinit_array*)
                0x00004504                PROVIDE (__preinit_array_end = .)
                0x00004504                . = ALIGN (0x4)
                0x00004504                PROVIDE (__init_array_start = .)
 *(SORT_BY_NAME(.init_array.*))
 *(.init_array*)
 .init_array    0x00004504        0x4 c:/program files (x86)/eclipse foundation/eclipse cdt/gnu tools arm embedded/8 2018-q4-major/bin/../lib/gcc/arm-none-eabi/8.2.1/thumb/v7e-m/nofp/crtbegin.o
 .init_array    0x00004508        0x4 ./Startup_Code/console.o
 .init_array    0x0000450c        0x4 ./Startup_Code/system.o
 .init_array    0x00004510        0x4 ./Sources/main.o
 .init_array    0x00004514        0x4 ./Sources/mcpio.o
 .init_array    0x00004518        0x4 ./Sources/usbdmError.o
                0x0000451c                PROVIDE (__init_array_end = .)
                0x0000451c                . = ALIGN (0x4)
                [!provide]                PROVIDE (__fini_array_start = .)
 *(SORT_BY_NAME(.fini_array.*))
 *(.fini_array*)
 .fini_array    0x0000451c        0x4 c:/program files (x86)/eclipse foundation/eclipse cdt/gnu tools arm embedded/8 2018-q4-major/bin/../lib/gcc/arm-none-eabi/8.2.1/thumb/v7e-m/nofp/crtbegin.o
                [!provide]                PROVIDE (__fini_array_end = .)
 *(.jcr*)
 *(.rodata*)
 *(.eh_frame*)
 .eh_frame      0x00004520        0x0 c:/program files (x86)/eclipse foundation/eclipse cdt/gnu tools arm embedded/8 2018-q4-major/bin/../lib/gcc/arm-none-eabi/8.2.1/thumb/v7e-m/nofp/crtbegin.o
 .eh_frame      0x00004520        0x4 c:/program files (x86)/eclipse foundation/eclipse cdt/gnu tools arm embedded/8 2018-q4-major/bin/../lib/gcc/arm-none-eabi/8.2.1/thumb/v7e-m/nofp/crtend.o

.glue_7         0x00004524        0x0
 .glue_7        0x00004524        0x0 linker stubs

.glue_7t        0x00004524        0x0
 .glue_7t       0x00004524        0x0 linker stubs

.vfp11_veneer   0x00004524        0x0
 .vfp11_veneer  0x00004524        0x0 linker stubs

.v4_bx          0x00004524        0x0
 .v4_bx         0x00004524        0x0 linker stubs

.iplt           0x00004524        0x0
 .iplt          0x00004524        0x0 c:/program files (x86)/eclipse foundation/eclipse cdt/gnu tools arm embedded/8 2018-q4-major/bin/../lib/gcc/arm-none-eabi/8.2.1/thumb/v7e-m/nofp/crtbegin.o

.ARM.extab
 *(.ARM.extab* .gnu.linkonce.armextab.*)
                0x00004524                __exidx_start = .

.ARM.exidx      0x00004524        0x8
 *(.ARM.exidx* .gnu.linkonce.armexidx.*)
 .ARM.exidx     0x00004524        0x8 c:/program files (x86)/eclipse foundation/eclipse cdt/gnu tools arm embedded/8 2018-q4-major/bin/../lib/gcc/arm-none-eabi/8.2.1/../../../../arm-none-eabi/lib/thumb/v7e-m/nofp/crt0.o
 .ARM.exidx     0x0000452c        0x0 c:/program files (x86)/eclipse foundation/eclipse cdt/gnu tools arm embedded/8 2018-q4-major/bin/../lib/gcc/arm-none-eabi/8.2.1/thumb/v7e-m/nofp\libgcc.a(_udivmoddi4.o)
                                  0x8 (size before relaxing)
                0x0000452c                __exidx_end = .

.rel.dyn        0x0000452c        0x0
 .rel.iplt      0x0000452c        0x0 c:/program files (x86)/eclipse foundation/eclipse cdt/gnu tools arm embedded/8 2018-q4-major/bin/../lib/gcc/arm-none-eabi/8.2.1/thumb/v7e-m/nofp/crtbegin.o

.flash          0x0000452c        0x0
                0x0000452c                . = ALIGN (0x4)
 *(.flash)
                0x0000452c                __etext = .
                0x0000452c                __DATA_ROM = .

.mtb            0x1fffe000        0x0
                0x1fffe000                . = ALIGN (0x8)
                0x1fffe000                _mtb_start = .
 *(.mtb_buf)
                0x1fffe000                . = ALIGN (0x8)
                0x1fffe000                _mtb_end = .

.interrupts_ram
                0x1fffe000        0x0
                0x1fffe000                . = ALIGN (0x4)
                0x1fffe000                __VECTOR_RAM__ = .
                0x1fffe000                __interrupts_ram_start__ = .
 *(.m_interrupts_ram)
                0x1fffe000                . = (. + M_VECTOR_RAM_SIZE)
                0x1fffe000                . = ALIGN (0x4)
                0x1fffe000                __interrupts_ram_end__ = .
                0x00000000                __VECTOR_RAM = DEFINED (__ram_vector_table__)?__VECTOR_RAM__:__VECTOR_TABLE
                0x00000000                __RAM_VECTOR_TABLE_SIZE_BYTES = (__interrupts_ram_end__ - __interrupts_ram_start__)

.bdts
 *(.bss*endPointBdts*)

.data           0x1fffe000       0xb4 load address 0x0000452c
                0x1fffe000                __data_start__ = .
                0x1fffe000                __DATA_RAM = .
 *(vtable)
 *(.data*)
 .data          0x1fffe000        0x4 c:/program files (x86)/eclipse foundation/eclipse cdt/gnu tools arm embedded/8 2018-q4-major/bin/../lib/gcc/arm-none-eabi/8.2.1/thumb/v7e-m/nofp/crtbegin.o
                0x1fffe000                __dso_handle
 .data.SystemCoreClock
                0x1fffe004        0x4 ./Startup_Code/system.o
                0x1fffe004                SystemCoreClock
 .data.SystemBusClock
                0x1fffe008        0x4 ./Startup_Code/system.o
                0x1fffe008                SystemBusClock
 .data._ZN5USBDM9PitBase_TINS_7PitInfoEE17allocatedChannelsE
                0x1fffe00c        0x4 ./Sources/PITlab5.o
                0x1fffe00c                USBDM::PitBase_T<USBDM::PitInfo>::allocatedChannels
 .data._ZN5USBDML8messagesE
                0x1fffe010       0x40 ./Sources/usbdmError.o
 .data._impure_ptr
                0x1fffe050        0x4 c:/program files (x86)/eclipse foundation/eclipse cdt/gnu tools arm embedded/8 2018-q4-major/bin/../lib/gcc/arm-none-eabi/8.2.1/../../../../arm-none-eabi/lib/thumb/v7e-m/nofp\libg_nano.a(lib_a-impure.o)
                0x1fffe050                _impure_ptr
 .data.impure_data
                0x1fffe054       0x60 c:/program files (x86)/eclipse foundation/eclipse cdt/gnu tools arm embedded/8 2018-q4-major/bin/../lib/gcc/arm-none-eabi/8.2.1/../../../../arm-none-eabi/lib/thumb/v7e-m/nofp\libg_nano.a(lib_a-impure.o)
                0x1fffe0b4                . = ALIGN (0x4)
                0x1fffe0b4                __data_end__ = .
                0x000045e0                __DATA_END = (__DATA_ROM + SIZEOF (.data))

.igot.plt       0x1fffe0b4        0x0 load address 0x000045e0
 .igot.plt      0x1fffe0b4        0x0 c:/program files (x86)/eclipse foundation/eclipse cdt/gnu tools arm embedded/8 2018-q4-major/bin/../lib/gcc/arm-none-eabi/8.2.1/thumb/v7e-m/nofp/crtbegin.o

.noinit         0x1fffe0b4        0x0
                0x1fffe0b4                . = ALIGN (0x4)
 *(.noinit)

.bss            0x1fffe0b4       0xc4 load address 0x000045e0
                0x1fffe0b4                . = ALIGN (0x4)
                0x1fffe0b4                __START_BSS = .
                0x1fffe0b4                __bss_start__ = .
 *(.bss)
 .bss           0x1fffe0b4       0x1c c:/program files (x86)/eclipse foundation/eclipse cdt/gnu tools arm embedded/8 2018-q4-major/bin/../lib/gcc/arm-none-eabi/8.2.1/thumb/v7e-m/nofp/crtbegin.o
 *(.bss*)
 .bss._ZN5USBDM7consoleE
                0x1fffe0d0       0x18 ./Startup_Code/console.o
                0x1fffe0d0                USBDM::console
 .bss._ZN5USBDM16SystemMcgffClockE
                0x1fffe0e8        0x4 ./Startup_Code/mcg.o
                0x1fffe0e8                USBDM::SystemMcgffClock
 .bss._ZN5USBDM17SystemMcgOutClockE
                0x1fffe0ec        0x4 ./Startup_Code/mcg.o
                0x1fffe0ec                USBDM::SystemMcgOutClock
 .bss._ZN5USBDM17SystemMcgFllClockE
                0x1fffe0f0        0x4 ./Startup_Code/mcg.o
                0x1fffe0f0                USBDM::SystemMcgFllClock
 .bss._ZN5USBDM17SystemMcgPllClockE
                0x1fffe0f4        0x4 ./Startup_Code/mcg.o
                0x1fffe0f4                USBDM::SystemMcgPllClock
 .bss._ZN5USBDM14SystemLpoClockE
                0x1fffe0f8        0x4 ./Startup_Code/mcg.o
                0x1fffe0f8                USBDM::SystemLpoClock
 .bss._ZN5USBDM3Mcg16currentClockModeE
                0x1fffe0fc        0x1 ./Startup_Code/mcg.o
                0x1fffe0fc                USBDM::Mcg::currentClockMode
 *fill*         0x1fffe0fd        0x3 
 .bss.heap_end  0x1fffe100        0x4 ./Startup_Code/newlib_stubs.o
 .bss.i2c0      0x1fffe104       0x24 ./Sources/main.o
                0x1fffe104                i2c0
 .bss.accelerometer
                0x1fffe128        0x4 ./Sources/main.o
                0x1fffe128                accelerometer
 .bss._ZZ10randomWalkvE6offset
                0x1fffe12c        0x4 ./Sources/main.o
 .bss._ZZ6scoresjE13functionscore
                0x1fffe130        0x4 ./Sources/main.o
 .bss._ZN5USBDM9I2cBase_TINS_8I2c0InfoEE7thisPtrE
                0x1fffe134        0x4 ./Sources/main.o
                0x1fffe134                USBDM::I2cBase_T<USBDM::I2c0Info>::thisPtr
 .bss.i2c       0x1fffe138       0x24 ./Sources/mcpio.o
                0x1fffe138                i2c
 .bss._ZN5USBDM9errorCodeE
                0x1fffe15c        0x4 ./Sources/usbdmError.o
                0x1fffe15c                USBDM::errorCode
 .bss.__malloc_free_list
                0x1fffe160        0x4 c:/program files (x86)/eclipse foundation/eclipse cdt/gnu tools arm embedded/8 2018-q4-major/bin/../lib/gcc/arm-none-eabi/8.2.1/../../../../arm-none-eabi/lib/thumb/v7e-m/nofp\libg_nano.a(lib_a-nano-mallocr.o)
                0x1fffe160                __malloc_free_list
 .bss.__malloc_sbrk_start
                0x1fffe164        0x4 c:/program files (x86)/eclipse foundation/eclipse cdt/gnu tools arm embedded/8 2018-q4-major/bin/../lib/gcc/arm-none-eabi/8.2.1/../../../../arm-none-eabi/lib/thumb/v7e-m/nofp\libg_nano.a(lib_a-nano-mallocr.o)
                0x1fffe164                __malloc_sbrk_start
 *(COMMON)
 COMMON         0x1fffe168        0x4 c:/program files (x86)/eclipse foundation/eclipse cdt/gnu tools arm embedded/8 2018-q4-major/bin/../lib/gcc/arm-none-eabi/8.2.1/../../../../arm-none-eabi/lib/thumb/v7e-m/nofp\libg_nano.a(lib_a-reent.o)
                0x1fffe168                errno
 COMMON         0x1fffe16c        0x9 c:/program files (x86)/eclipse foundation/eclipse cdt/gnu tools arm embedded/8 2018-q4-major/bin/../lib/gcc/arm-none-eabi/8.2.1/../../../../arm-none-eabi/lib/thumb/v7e-m/nofp\libg_nano.a(lib_a-lock.o)
                0x1fffe16c                __lock___atexit_recursive_mutex
                0x1fffe16d                __lock___arc4random_mutex
                0x1fffe16e                __lock___env_recursive_mutex
                0x1fffe16f                __lock___sinit_recursive_mutex
                0x1fffe170                __lock___malloc_recursive_mutex
                0x1fffe171                __lock___at_quick_exit_mutex
                0x1fffe172                __lock___dd_hash_mutex
                0x1fffe173                __lock___tz_mutex
                0x1fffe174                __lock___sfp_recursive_mutex
                0x1fffe178                . = ALIGN (0x4)
 *fill*         0x1fffe175        0x3 
                0x1fffe178                __bss_end__ = .
                0x1fffe178                __END_BSS = .

.heap           0x1fffe178     0x1000 load address 0x000046a4
                0x1fffe178                . = ALIGN (0x4)
                [!provide]                PROVIDE (__end__ = .)
                [!provide]                PROVIDE (end = .)
                [!provide]                PROVIDE (_end = .)
                0x1fffe178                __HeapBase = .
                0x1fffe178                __heap_addr = .
                0x1ffff178                . = (. + __heap_size__)
 *fill*         0x1fffe178     0x1000 
                0x1fffffff                __HeapLimit = MIN (ABSOLUTE (((ORIGIN (heap_ram) + LENGTH (heap_ram)) - 0x1)), __StackLimit)
                [!provide]                PROVIDE (__sram_u_size = 0x0)

.stack          0x20000000     0x2000
                0x20000ffd                . = MAX (., ABSOLUTE (((((ORIGIN (stack_ram) + LENGTH (stack_ram)) - __stack_size__) - __sram_u_size) - 0x3)))
 *fill*         0x20000000      0xffd 
                0x20001000                . = ALIGN (0x4)
 *fill*         0x20000ffd        0x3 
                0x20001000                __StackLimit = .
                0x20002000                . = (. + __stack_size__)
 *fill*         0x20001000     0x1000 
                0x20002000                __StackTop = .

.flexRAM        0x14000000        0x0
                0x14000000                . = ALIGN (0x4)
 *(.flexRAM)

.flexNVM        0x10000000        0x0
                0x10000000                . = ALIGN (0x4)
 *(.flexNVM)

.sram_u
 *(.sram_u)

.bitband        0x22000000    0x40000
                0x00040000                . = (ORIGIN (bitband) + ((((ORIGIN (sram_u_ram) + LENGTH (sram_u_ram)) - __sram_u_size) & 0xffffff) * 0x20))
 *fill*         0x22000000    0x40000 
 *(.bitband)
                0x20002000                PROVIDE (__stack = __StackTop)
                [!provide]                PROVIDE (__cs3_stack = __StackTop)
                [!provide]                PROVIDE (_write = _usbdm_write)
                [!provide]                PROVIDE (_read = _usbdm_read)
OUTPUT(lab5.elf elf32-littlearm)

.ARM.attributes
                0x00000000       0x2a
 .ARM.attributes
                0x00000000       0x1e c:/program files (x86)/eclipse foundation/eclipse cdt/gnu tools arm embedded/8 2018-q4-major/bin/../lib/gcc/arm-none-eabi/8.2.1/thumb/v7e-m/nofp/crti.o
 .ARM.attributes
                0x0000001e       0x2e c:/program files (x86)/eclipse foundation/eclipse cdt/gnu tools arm embedded/8 2018-q4-major/bin/../lib/gcc/arm-none-eabi/8.2.1/thumb/v7e-m/nofp/crtbegin.o
 .ARM.attributes
                0x0000004c       0x1c c:/program files (x86)/eclipse foundation/eclipse cdt/gnu tools arm embedded/8 2018-q4-major/bin/../lib/gcc/arm-none-eabi/8.2.1/../../../../arm-none-eabi/lib/thumb/v7e-m/nofp/crt0.o
 .ARM.attributes
                0x00000068       0x2e ./Startup_Code/console.o
 .ARM.attributes
                0x00000096       0x2e ./Startup_Code/mcg.o
 .ARM.attributes
                0x000000c4       0x2e ./Startup_Code/newlib_stubs.o
 .ARM.attributes
                0x000000f2       0x33 ./Startup_Code/security.o
 .ARM.attributes
                0x00000125       0x1b ./Startup_Code/startup_ARMLtdGCC.o
 .ARM.attributes
                0x00000140       0x2e ./Startup_Code/system-gcc.o
 .ARM.attributes
                0x0000016e       0x2e ./Startup_Code/system.o
 .ARM.attributes
                0x0000019c       0x2e ./Startup_Code/vectors.o
 .ARM.attributes
                0x000001ca       0x2e ./Sources/PITlab5.o
 .ARM.attributes
                0x000001f8       0x2e ./Sources/delay.o
 .ARM.attributes
                0x00000226       0x2e ./Sources/i2c.o
 .ARM.attributes
                0x00000254       0x2e ./Sources/main.o
 .ARM.attributes
                0x00000282       0x2e ./Sources/mcpio.o
 .ARM.attributes
                0x000002b0       0x2e ./Sources/mma845x.o
 .ARM.attributes
                0x000002de       0x2e ./Sources/usbdmError.o
 .ARM.attributes
                0x0000030c       0x2e c:/program files (x86)/eclipse foundation/eclipse cdt/gnu tools arm embedded/8 2018-q4-major/bin/../lib/gcc/arm-none-eabi/8.2.1/../../../../arm-none-eabi/lib/thumb/v7e-m/nofp\libstdc++_nano.a(atexit_arm.o)
 .ARM.attributes
                0x0000033a       0x2e c:/program files (x86)/eclipse foundation/eclipse cdt/gnu tools arm embedded/8 2018-q4-major/bin/../lib/gcc/arm-none-eabi/8.2.1/../../../../arm-none-eabi/lib/thumb/v7e-m/nofp\libstdc++_nano.a(del_ops.o)
 .ARM.attributes
                0x00000368       0x2e c:/program files (x86)/eclipse foundation/eclipse cdt/gnu tools arm embedded/8 2018-q4-major/bin/../lib/gcc/arm-none-eabi/8.2.1/../../../../arm-none-eabi/lib/thumb/v7e-m/nofp\libstdc++_nano.a(del_op.o)
 .ARM.attributes
                0x00000396       0x2e c:/program files (x86)/eclipse foundation/eclipse cdt/gnu tools arm embedded/8 2018-q4-major/bin/../lib/gcc/arm-none-eabi/8.2.1/../../../../arm-none-eabi/lib/thumb/v7e-m/nofp\libm.a(lib_a-sf_rint.o)
 .ARM.attributes
                0x000003c4       0x1e c:/program files (x86)/eclipse foundation/eclipse cdt/gnu tools arm embedded/8 2018-q4-major/bin/../lib/gcc/arm-none-eabi/8.2.1/thumb/v7e-m/nofp\libgcc.a(_arm_addsubsf3.o)
 .ARM.attributes
                0x000003e2       0x1e c:/program files (x86)/eclipse foundation/eclipse cdt/gnu tools arm embedded/8 2018-q4-major/bin/../lib/gcc/arm-none-eabi/8.2.1/thumb/v7e-m/nofp\libgcc.a(_arm_muldivsf3.o)
 .ARM.attributes
                0x00000400       0x1e c:/program files (x86)/eclipse foundation/eclipse cdt/gnu tools arm embedded/8 2018-q4-major/bin/../lib/gcc/arm-none-eabi/8.2.1/thumb/v7e-m/nofp\libgcc.a(_arm_cmpsf2.o)
 .ARM.attributes
                0x0000041e       0x1e c:/program files (x86)/eclipse foundation/eclipse cdt/gnu tools arm embedded/8 2018-q4-major/bin/../lib/gcc/arm-none-eabi/8.2.1/thumb/v7e-m/nofp\libgcc.a(_arm_fixsfsi.o)
 .ARM.attributes
                0x0000043c       0x1e c:/program files (x86)/eclipse foundation/eclipse cdt/gnu tools arm embedded/8 2018-q4-major/bin/../lib/gcc/arm-none-eabi/8.2.1/thumb/v7e-m/nofp\libgcc.a(_arm_fixunssfsi.o)
 .ARM.attributes
                0x0000045a       0x1e c:/program files (x86)/eclipse foundation/eclipse cdt/gnu tools arm embedded/8 2018-q4-major/bin/../lib/gcc/arm-none-eabi/8.2.1/thumb/v7e-m/nofp\libgcc.a(_aeabi_uldivmod.o)
 .ARM.attributes
                0x00000478       0x2e c:/program files (x86)/eclipse foundation/eclipse cdt/gnu tools arm embedded/8 2018-q4-major/bin/../lib/gcc/arm-none-eabi/8.2.1/thumb/v7e-m/nofp\libgcc.a(_udivmoddi4.o)
 .ARM.attributes
                0x000004a6       0x1e c:/program files (x86)/eclipse foundation/eclipse cdt/gnu tools arm embedded/8 2018-q4-major/bin/../lib/gcc/arm-none-eabi/8.2.1/thumb/v7e-m/nofp\libgcc.a(_dvmd_tls.o)
 .ARM.attributes
                0x000004c4       0x2e c:/program files (x86)/eclipse foundation/eclipse cdt/gnu tools arm embedded/8 2018-q4-major/bin/../lib/gcc/arm-none-eabi/8.2.1/../../../../arm-none-eabi/lib/thumb/v7e-m/nofp\libg_nano.a(lib_a-cxa_atexit.o)
 .ARM.attributes
                0x000004f2       0x2e c:/program files (x86)/eclipse foundation/eclipse cdt/gnu tools arm embedded/8 2018-q4-major/bin/../lib/gcc/arm-none-eabi/8.2.1/../../../../arm-none-eabi/lib/thumb/v7e-m/nofp\libg_nano.a(lib_a-exit.o)
 .ARM.attributes
                0x00000520       0x2e c:/program files (x86)/eclipse foundation/eclipse cdt/gnu tools arm embedded/8 2018-q4-major/bin/../lib/gcc/arm-none-eabi/8.2.1/../../../../arm-none-eabi/lib/thumb/v7e-m/nofp\libg_nano.a(lib_a-impure.o)
 .ARM.attributes
                0x0000054e       0x2e c:/program files (x86)/eclipse foundation/eclipse cdt/gnu tools arm embedded/8 2018-q4-major/bin/../lib/gcc/arm-none-eabi/8.2.1/../../../../arm-none-eabi/lib/thumb/v7e-m/nofp\libg_nano.a(lib_a-init.o)
 .ARM.attributes
                0x0000057c       0x2e c:/program files (x86)/eclipse foundation/eclipse cdt/gnu tools arm embedded/8 2018-q4-major/bin/../lib/gcc/arm-none-eabi/8.2.1/../../../../arm-none-eabi/lib/thumb/v7e-m/nofp\libg_nano.a(lib_a-malloc.o)
 .ARM.attributes
                0x000005aa       0x2e c:/program files (x86)/eclipse foundation/eclipse cdt/gnu tools arm embedded/8 2018-q4-major/bin/../lib/gcc/arm-none-eabi/8.2.1/../../../../arm-none-eabi/lib/thumb/v7e-m/nofp\libg_nano.a(lib_a-memset.o)
 .ARM.attributes
                0x000005d8       0x2e c:/program files (x86)/eclipse foundation/eclipse cdt/gnu tools arm embedded/8 2018-q4-major/bin/../lib/gcc/arm-none-eabi/8.2.1/../../../../arm-none-eabi/lib/thumb/v7e-m/nofp\libg_nano.a(lib_a-nano-freer.o)
 .ARM.attributes
                0x00000606       0x2e c:/program files (x86)/eclipse foundation/eclipse cdt/gnu tools arm embedded/8 2018-q4-major/bin/../lib/gcc/arm-none-eabi/8.2.1/../../../../arm-none-eabi/lib/thumb/v7e-m/nofp\libg_nano.a(lib_a-nano-mallocr.o)
 .ARM.attributes
                0x00000634       0x2e c:/program files (x86)/eclipse foundation/eclipse cdt/gnu tools arm embedded/8 2018-q4-major/bin/../lib/gcc/arm-none-eabi/8.2.1/../../../../arm-none-eabi/lib/thumb/v7e-m/nofp\libg_nano.a(lib_a-rand.o)
 .ARM.attributes
                0x00000662       0x2e c:/program files (x86)/eclipse foundation/eclipse cdt/gnu tools arm embedded/8 2018-q4-major/bin/../lib/gcc/arm-none-eabi/8.2.1/../../../../arm-none-eabi/lib/thumb/v7e-m/nofp\libg_nano.a(lib_a-reent.o)
 .ARM.attributes
                0x00000690       0x2e c:/program files (x86)/eclipse foundation/eclipse cdt/gnu tools arm embedded/8 2018-q4-major/bin/../lib/gcc/arm-none-eabi/8.2.1/../../../../arm-none-eabi/lib/thumb/v7e-m/nofp\libg_nano.a(lib_a-sbrkr.o)
 .ARM.attributes
                0x000006be       0x2e c:/program files (x86)/eclipse foundation/eclipse cdt/gnu tools arm embedded/8 2018-q4-major/bin/../lib/gcc/arm-none-eabi/8.2.1/../../../../arm-none-eabi/lib/thumb/v7e-m/nofp\libg_nano.a(lib_a-mlock.o)
 .ARM.attributes
                0x000006ec       0x2e c:/program files (x86)/eclipse foundation/eclipse cdt/gnu tools arm embedded/8 2018-q4-major/bin/../lib/gcc/arm-none-eabi/8.2.1/../../../../arm-none-eabi/lib/thumb/v7e-m/nofp\libg_nano.a(lib_a-lock.o)
 .ARM.attributes
                0x0000071a       0x2e c:/program files (x86)/eclipse foundation/eclipse cdt/gnu tools arm embedded/8 2018-q4-major/bin/../lib/gcc/arm-none-eabi/8.2.1/thumb/v7e-m/nofp/crtend.o
 .ARM.attributes
                0x00000748       0x1e c:/program files (x86)/eclipse foundation/eclipse cdt/gnu tools arm embedded/8 2018-q4-major/bin/../lib/gcc/arm-none-eabi/8.2.1/thumb/v7e-m/nofp/crtn.o

.comment        0x00000000       0x75
 .comment       0x00000000       0x75 ./Startup_Code/console.o
                                 0x76 (size before relaxing)
 .comment       0x00000075       0x76 ./Startup_Code/mcg.o
 .comment       0x00000075       0x76 ./Startup_Code/newlib_stubs.o
 .comment       0x00000075       0x76 ./Startup_Code/security.o
 .comment       0x00000075       0x76 ./Startup_Code/system-gcc.o
 .comment       0x00000075       0x76 ./Startup_Code/system.o
 .comment       0x00000075       0x76 ./Startup_Code/vectors.o
 .comment       0x00000075       0x76 ./Sources/PITlab5.o
 .comment       0x00000075       0x76 ./Sources/delay.o
 .comment       0x00000075       0x76 ./Sources/i2c.o
 .comment       0x00000075       0x76 ./Sources/main.o
 .comment       0x00000075       0x76 ./Sources/mcpio.o
 .comment       0x00000075       0x76 ./Sources/mma845x.o
 .comment       0x00000075       0x76 ./Sources/usbdmError.o

.debug_info     0x00000000    0xb9585
 .debug_info    0x00000000    0x10d8b ./Startup_Code/console.o
 .debug_info    0x00010d8b     0xff3e ./Startup_Code/mcg.o
 .debug_info    0x00020cc9     0x1071 ./Startup_Code/newlib_stubs.o
 .debug_info    0x00021d3a      0xa0e ./Startup_Code/security.o
 .debug_info    0x00022748       0x26 ./Startup_Code/startup_ARMLtdGCC.o
 .debug_info    0x0002276e     0xf30d ./Startup_Code/system-gcc.o
 .debug_info    0x00031a7b     0xf1b6 ./Startup_Code/system.o
 .debug_info    0x00040c31    0x10279 ./Startup_Code/vectors.o
 .debug_info    0x00050eaa    0x1073b ./Sources/PITlab5.o
 .debug_info    0x000615e5     0x6a99 ./Sources/delay.o
 .debug_info    0x0006807e     0xf406 ./Sources/i2c.o
 .debug_info    0x00077484    0x11f76 ./Sources/main.o
 .debug_info    0x000893fa    0x10a6c ./Sources/mcpio.o
 .debug_info    0x00099e66     0xf572 ./Sources/mma845x.o
 .debug_info    0x000a93d8    0x101ad ./Sources/usbdmError.o

.debug_abbrev   0x00000000     0x889a
 .debug_abbrev  0x00000000      0xcd8 ./Startup_Code/console.o
 .debug_abbrev  0x00000cd8      0xb44 ./Startup_Code/mcg.o
 .debug_abbrev  0x0000181c      0x328 ./Startup_Code/newlib_stubs.o
 .debug_abbrev  0x00001b44      0x1ce ./Startup_Code/security.o
 .debug_abbrev  0x00001d12       0x14 ./Startup_Code/startup_ARMLtdGCC.o
 .debug_abbrev  0x00001d26      0x926 ./Startup_Code/system-gcc.o
 .debug_abbrev  0x0000264c      0x976 ./Startup_Code/system.o
 .debug_abbrev  0x00002fc2      0xb24 ./Startup_Code/vectors.o
 .debug_abbrev  0x00003ae6      0xc4c ./Sources/PITlab5.o
 .debug_abbrev  0x00004732      0x5a9 ./Sources/delay.o
 .debug_abbrev  0x00004cdb      0xaaf ./Sources/i2c.o
 .debug_abbrev  0x0000578a      0xe5a ./Sources/main.o
 .debug_abbrev  0x000065e4      0xd02 ./Sources/mcpio.o
 .debug_abbrev  0x000072e6      0xa2f ./Sources/mma845x.o
 .debug_abbrev  0x00007d15      0xb85 ./Sources/usbdmError.o

.debug_aranges  0x00000000      0x9c8
 .debug_aranges
                0x00000000      0x170 ./Startup_Code/console.o
 .debug_aranges
                0x00000170       0xe8 ./Startup_Code/mcg.o
 .debug_aranges
                0x00000258       0xb8 ./Startup_Code/newlib_stubs.o
 .debug_aranges
                0x00000310       0x18 ./Startup_Code/security.o
 .debug_aranges
                0x00000328       0x20 ./Startup_Code/startup_ARMLtdGCC.o
 .debug_aranges
                0x00000348       0x30 ./Startup_Code/system-gcc.o
 .debug_aranges
                0x00000378       0x58 ./Startup_Code/system.o
 .debug_aranges
                0x000003d0       0x90 ./Startup_Code/vectors.o
 .debug_aranges
                0x00000460       0xb0 ./Sources/PITlab5.o
 .debug_aranges
                0x00000510       0x60 ./Sources/delay.o
 .debug_aranges
                0x00000570       0x68 ./Sources/i2c.o
 .debug_aranges
                0x000005d8      0x1a8 ./Sources/main.o
 .debug_aranges
                0x00000780      0x150 ./Sources/mcpio.o
 .debug_aranges
                0x000008d0       0x78 ./Sources/mma845x.o
 .debug_aranges
                0x00000948       0x80 ./Sources/usbdmError.o

.debug_ranges   0x00000000      0x8c0
 .debug_ranges  0x00000000      0x160 ./Startup_Code/console.o
 .debug_ranges  0x00000160       0xd8 ./Startup_Code/mcg.o
 .debug_ranges  0x00000238       0xa8 ./Startup_Code/newlib_stubs.o
 .debug_ranges  0x000002e0       0x20 ./Startup_Code/system-gcc.o
 .debug_ranges  0x00000300       0x48 ./Startup_Code/system.o
 .debug_ranges  0x00000348       0x80 ./Startup_Code/vectors.o
 .debug_ranges  0x000003c8       0xa0 ./Sources/PITlab5.o
 .debug_ranges  0x00000468       0x50 ./Sources/delay.o
 .debug_ranges  0x000004b8       0x58 ./Sources/i2c.o
 .debug_ranges  0x00000510      0x198 ./Sources/main.o
 .debug_ranges  0x000006a8      0x140 ./Sources/mcpio.o
 .debug_ranges  0x000007e8       0x68 ./Sources/mma845x.o
 .debug_ranges  0x00000850       0x70 ./Sources/usbdmError.o

.debug_macro    0x00000000    0x124c9
 .debug_macro   0x00000000      0x480 ./Startup_Code/console.o
 .debug_macro   0x00000480      0xbc2 ./Startup_Code/console.o
 .debug_macro   0x00001042       0x1c ./Startup_Code/console.o
 .debug_macro   0x0000105e       0x22 ./Startup_Code/console.o
 .debug_macro   0x00001080       0x8e ./Startup_Code/console.o
 .debug_macro   0x0000110e       0x51 ./Startup_Code/console.o
 .debug_macro   0x0000115f       0xef ./Startup_Code/console.o
 .debug_macro   0x0000124e       0x6a ./Startup_Code/console.o
 .debug_macro   0x000012b8      0x1df ./Startup_Code/console.o
 .debug_macro   0x00001497       0x2e ./Startup_Code/console.o
 .debug_macro   0x000014c5       0x3b ./Startup_Code/console.o
 .debug_macro   0x00001500       0x50 ./Startup_Code/console.o
 .debug_macro   0x00001550      0xbc6 ./Startup_Code/console.o
 .debug_macro   0x00002116     0x83ec ./Startup_Code/console.o
 .debug_macro   0x0000a502       0x26 ./Startup_Code/console.o
 .debug_macro   0x0000a528       0x10 ./Startup_Code/console.o
 .debug_macro   0x0000a538      0x17b ./Startup_Code/console.o
 .debug_macro   0x0000a6b3      0x15b ./Startup_Code/console.o
 .debug_macro   0x0000a80e      0x16e ./Startup_Code/console.o
 .debug_macro   0x0000a97c       0x10 ./Startup_Code/console.o
 .debug_macro   0x0000a98c      0x3fb ./Startup_Code/console.o
 .debug_macro   0x0000ad87       0x5e ./Startup_Code/console.o
 .debug_macro   0x0000ade5      0x35c ./Startup_Code/console.o
 .debug_macro   0x0000b141       0x7c ./Startup_Code/console.o
 .debug_macro   0x0000b1bd       0x17 ./Startup_Code/console.o
 .debug_macro   0x0000b1d4       0xee ./Startup_Code/console.o
 .debug_macro   0x0000b2c2       0x1c ./Startup_Code/console.o
 .debug_macro   0x0000b2de       0x28 ./Startup_Code/console.o
 .debug_macro   0x0000b306       0x16 ./Startup_Code/console.o
 .debug_macro   0x0000b31c       0x18 ./Startup_Code/console.o
 .debug_macro   0x0000b334       0x18 ./Startup_Code/console.o
 .debug_macro   0x0000b34c       0x35 ./Startup_Code/console.o
 .debug_macro   0x0000b381       0x34 ./Startup_Code/console.o
 .debug_macro   0x0000b3b5       0x58 ./Startup_Code/console.o
 .debug_macro   0x0000b40d       0x1f ./Startup_Code/console.o
 .debug_macro   0x0000b42c       0x43 ./Startup_Code/console.o
 .debug_macro   0x0000b46f       0x20 ./Startup_Code/console.o
 .debug_macro   0x0000b48f      0x18e ./Startup_Code/console.o
 .debug_macro   0x0000b61d      0x1da ./Startup_Code/console.o
 .debug_macro   0x0000b7f7       0x10 ./Startup_Code/console.o
 .debug_macro   0x0000b807       0x16 ./Startup_Code/console.o
 .debug_macro   0x0000b81d       0x35 ./Startup_Code/console.o
 .debug_macro   0x0000b852       0x16 ./Startup_Code/console.o
 .debug_macro   0x0000b868       0x29 ./Startup_Code/console.o
 .debug_macro   0x0000b891       0x10 ./Startup_Code/console.o
 .debug_macro   0x0000b8a1      0x3ce ./Startup_Code/console.o
 .debug_macro   0x0000bc6f       0x16 ./Startup_Code/console.o
 .debug_macro   0x0000bc85       0x1c ./Startup_Code/console.o
 .debug_macro   0x0000bca1       0x6e ./Startup_Code/console.o
 .debug_macro   0x0000bd0f       0x28 ./Startup_Code/console.o
 .debug_macro   0x0000bd37       0x86 ./Startup_Code/console.o
 .debug_macro   0x0000bdbd       0x18 ./Startup_Code/console.o
 .debug_macro   0x0000bdd5       0x2e ./Startup_Code/console.o
 .debug_macro   0x0000be03       0x1f ./Startup_Code/console.o
 .debug_macro   0x0000be22       0x76 ./Startup_Code/console.o
 .debug_macro   0x0000be98       0x19 ./Startup_Code/console.o
 .debug_macro   0x0000beb1      0x120 ./Startup_Code/console.o
 .debug_macro   0x0000bfd1       0x11 ./Startup_Code/console.o
 .debug_macro   0x0000bfe2       0x11 ./Startup_Code/console.o
 .debug_macro   0x0000bff3       0x17 ./Startup_Code/console.o
 .debug_macro   0x0000c00a       0x17 ./Startup_Code/console.o
 .debug_macro   0x0000c021       0x17 ./Startup_Code/console.o
 .debug_macro   0x0000c038       0x17 ./Startup_Code/console.o
 .debug_macro   0x0000c04f       0x17 ./Startup_Code/console.o
 .debug_macro   0x0000c066       0x10 ./Startup_Code/console.o
 .debug_macro   0x0000c076       0x4c ./Startup_Code/console.o
 .debug_macro   0x0000c0c2      0x4d1 ./Startup_Code/mcg.o
 .debug_macro   0x0000c593       0x58 ./Startup_Code/mcg.o
 .debug_macro   0x0000c5eb       0x94 ./Startup_Code/mcg.o
 .debug_macro   0x0000c67f       0x57 ./Startup_Code/mcg.o
 .debug_macro   0x0000c6d6       0x10 ./Startup_Code/mcg.o
 .debug_macro   0x0000c6e6       0xd9 ./Startup_Code/mcg.o
 .debug_macro   0x0000c7bf       0x16 ./Startup_Code/mcg.o
 .debug_macro   0x0000c7d5       0x52 ./Startup_Code/mcg.o
 .debug_macro   0x0000c827      0x1a3 ./Startup_Code/newlib_stubs.o
 .debug_macro   0x0000c9ca      0xa8a ./Startup_Code/newlib_stubs.o
 .debug_macro   0x0000d454       0x10 ./Startup_Code/newlib_stubs.o
 .debug_macro   0x0000d464       0x5c ./Startup_Code/newlib_stubs.o
 .debug_macro   0x0000d4c0       0x34 ./Startup_Code/newlib_stubs.o
 .debug_macro   0x0000d4f4      0x174 ./Startup_Code/newlib_stubs.o
 .debug_macro   0x0000d668       0x43 ./Startup_Code/newlib_stubs.o
 .debug_macro   0x0000d6ab      0x23b ./Startup_Code/newlib_stubs.o
 .debug_macro   0x0000d8e6      0x339 ./Startup_Code/newlib_stubs.o
 .debug_macro   0x0000dc1f       0x10 ./Startup_Code/newlib_stubs.o
 .debug_macro   0x0000dc2f       0x35 ./Startup_Code/newlib_stubs.o
 .debug_macro   0x0000dc64       0x10 ./Startup_Code/newlib_stubs.o
 .debug_macro   0x0000dc74       0x10 ./Startup_Code/newlib_stubs.o
 .debug_macro   0x0000dc84       0x10 ./Startup_Code/newlib_stubs.o
 .debug_macro   0x0000dc94       0xb6 ./Startup_Code/newlib_stubs.o
 .debug_macro   0x0000dd4a       0x2e ./Startup_Code/newlib_stubs.o
 .debug_macro   0x0000dd78       0xf5 ./Startup_Code/newlib_stubs.o
 .debug_macro   0x0000de6d       0x16 ./Startup_Code/newlib_stubs.o
 .debug_macro   0x0000de83      0x4fe ./Startup_Code/newlib_stubs.o
 .debug_macro   0x0000e381      0x1a9 ./Startup_Code/security.o
 .debug_macro   0x0000e52a       0x56 ./Startup_Code/security.o
 .debug_macro   0x0000e580       0x34 ./Startup_Code/security.o
 .debug_macro   0x0000e5b4      0xbc6 ./Startup_Code/security.o
 .debug_macro   0x0000f17a      0x47b ./Startup_Code/system-gcc.o
 .debug_macro   0x0000f5f5       0x10 ./Startup_Code/system-gcc.o
 .debug_macro   0x0000f605      0x10e ./Startup_Code/system-gcc.o
 .debug_macro   0x0000f713       0x94 ./Startup_Code/system-gcc.o
 .debug_macro   0x0000f7a7       0x1c ./Startup_Code/system-gcc.o
 .debug_macro   0x0000f7c3       0xde ./Startup_Code/system-gcc.o
 .debug_macro   0x0000f8a1      0x3d4 ./Startup_Code/system-gcc.o
 .debug_macro   0x0000fc75      0x488 ./Startup_Code/system.o
 .debug_macro   0x000100fd      0x499 ./Startup_Code/vectors.o
 .debug_macro   0x00010596      0x47c ./Sources/PITlab5.o
 .debug_macro   0x00010a12      0x32f ./Sources/delay.o
 .debug_macro   0x00010d41      0x47c ./Sources/i2c.o
 .debug_macro   0x000111bd      0x4a4 ./Sources/main.o
 .debug_macro   0x00011661      0x486 ./Sources/mcpio.o
 .debug_macro   0x00011ae7      0x574 ./Sources/mma845x.o
 .debug_macro   0x0001205b      0x46e ./Sources/usbdmError.o

.debug_line     0x00000000     0xc0b1
 .debug_line    0x00000000     0x112f ./Startup_Code/console.o
 .debug_line    0x0000112f     0x1513 ./Startup_Code/mcg.o
 .debug_line    0x00002642      0x617 ./Startup_Code/newlib_stubs.o
 .debug_line    0x00002c59      0x3eb ./Startup_Code/security.o
 .debug_line    0x00003044       0x74 ./Startup_Code/startup_ARMLtdGCC.o
 .debug_line    0x000030b8      0xbc8 ./Startup_Code/system-gcc.o
 .debug_line    0x00003c80      0xc5c ./Startup_Code/system.o
 .debug_line    0x000048dc      0xeb3 ./Startup_Code/vectors.o
 .debug_line    0x0000578f      0xee2 ./Sources/PITlab5.o
 .debug_line    0x00006671      0xb7d ./Sources/delay.o
 .debug_line    0x000071ee      0xebe ./Sources/i2c.o
 .debug_line    0x000080ac     0x13e1 ./Sources/main.o
 .debug_line    0x0000948d     0x10b1 ./Sources/mcpio.o
 .debug_line    0x0000a53e      0xe3b ./Sources/mma845x.o
 .debug_line    0x0000b379      0xd38 ./Sources/usbdmError.o

.debug_str      0x00000000    0x5bd64
 .debug_str     0x00000000    0x51155 ./Startup_Code/console.o
                              0x5186a (size before relaxing)
 .debug_str     0x00051155      0xfcb ./Startup_Code/mcg.o
                              0x50c85 (size before relaxing)
 .debug_str     0x00052120     0x1f72 ./Startup_Code/newlib_stubs.o
                               0x883e (size before relaxing)
 .debug_str     0x00054092      0x1c4 ./Startup_Code/security.o
                              0x395a4 (size before relaxing)
 .debug_str     0x00054256       0x33 ./Startup_Code/startup_ARMLtdGCC.o
                                 0x86 (size before relaxing)
 .debug_str     0x00054289      0x1ba ./Startup_Code/system-gcc.o
                              0x4fde1 (size before relaxing)
 .debug_str     0x00054443      0x76e ./Startup_Code/system.o
                              0x5040f (size before relaxing)
 .debug_str     0x00054bb1      0x11f ./Startup_Code/vectors.o
                              0x50d74 (size before relaxing)
 .debug_str     0x00054cd0      0xe86 ./Sources/PITlab5.o
                              0x51a45 (size before relaxing)
 .debug_str     0x00055b56      0x10a ./Sources/delay.o
                              0x459a9 (size before relaxing)
 .debug_str     0x00055c60      0x338 ./Sources/i2c.o
                              0x4ffa0 (size before relaxing)
 .debug_str     0x00055f98     0x50dc ./Sources/main.o
                              0x55f3b (size before relaxing)
 .debug_str     0x0005b074      0x111 ./Sources/mcpio.o
                              0x54b20 (size before relaxing)
 .debug_str     0x0005b185      0xad9 ./Sources/mma845x.o
                              0x50b72 (size before relaxing)
 .debug_str     0x0005bc5e      0x106 ./Sources/usbdmError.o
                              0x50da6 (size before relaxing)

.debug_frame    0x00000000     0x2b48
 .debug_frame   0x00000000      0x620 ./Startup_Code/console.o
 .debug_frame   0x00000620      0x384 ./Startup_Code/mcg.o
 .debug_frame   0x000009a4      0x304 ./Startup_Code/newlib_stubs.o
 .debug_frame   0x00000ca8       0x6c ./Startup_Code/system-gcc.o
 .debug_frame   0x00000d14      0x10c ./Startup_Code/system.o
 .debug_frame   0x00000e20      0x214 ./Startup_Code/vectors.o
 .debug_frame   0x00001034      0x2b0 ./Sources/PITlab5.o
 .debug_frame   0x000012e4      0x184 ./Sources/delay.o
 .debug_frame   0x00001468      0x18c ./Sources/i2c.o
 .debug_frame   0x000015f4      0x6f0 ./Sources/main.o
 .debug_frame   0x00001ce4      0x53c ./Sources/mcpio.o
 .debug_frame   0x00002220      0x1d0 ./Sources/mma845x.o
 .debug_frame   0x000023f0      0x1ec ./Sources/usbdmError.o
 .debug_frame   0x000025dc       0x20 c:/program files (x86)/eclipse foundation/eclipse cdt/gnu tools arm embedded/8 2018-q4-major/bin/../lib/gcc/arm-none-eabi/8.2.1/../../../../arm-none-eabi/lib/thumb/v7e-m/nofp\libstdc++_nano.a(atexit_arm.o)
 .debug_frame   0x000025fc       0x20 c:/program files (x86)/eclipse foundation/eclipse cdt/gnu tools arm embedded/8 2018-q4-major/bin/../lib/gcc/arm-none-eabi/8.2.1/../../../../arm-none-eabi/lib/thumb/v7e-m/nofp\libstdc++_nano.a(del_ops.o)
 .debug_frame   0x0000261c       0x20 c:/program files (x86)/eclipse foundation/eclipse cdt/gnu tools arm embedded/8 2018-q4-major/bin/../lib/gcc/arm-none-eabi/8.2.1/../../../../arm-none-eabi/lib/thumb/v7e-m/nofp\libstdc++_nano.a(del_op.o)
 .debug_frame   0x0000263c       0x38 c:/program files (x86)/eclipse foundation/eclipse cdt/gnu tools arm embedded/8 2018-q4-major/bin/../lib/gcc/arm-none-eabi/8.2.1/../../../../arm-none-eabi/lib/thumb/v7e-m/nofp\libm.a(lib_a-sf_rint.o)
 .debug_frame   0x00002674       0x4c c:/program files (x86)/eclipse foundation/eclipse cdt/gnu tools arm embedded/8 2018-q4-major/bin/../lib/gcc/arm-none-eabi/8.2.1/thumb/v7e-m/nofp\libgcc.a(_arm_addsubsf3.o)
 .debug_frame   0x000026c0       0x38 c:/program files (x86)/eclipse foundation/eclipse cdt/gnu tools arm embedded/8 2018-q4-major/bin/../lib/gcc/arm-none-eabi/8.2.1/thumb/v7e-m/nofp\libgcc.a(_arm_muldivsf3.o)
 .debug_frame   0x000026f8       0xc8 c:/program files (x86)/eclipse foundation/eclipse cdt/gnu tools arm embedded/8 2018-q4-major/bin/../lib/gcc/arm-none-eabi/8.2.1/thumb/v7e-m/nofp\libgcc.a(_arm_cmpsf2.o)
 .debug_frame   0x000027c0       0x24 c:/program files (x86)/eclipse foundation/eclipse cdt/gnu tools arm embedded/8 2018-q4-major/bin/../lib/gcc/arm-none-eabi/8.2.1/thumb/v7e-m/nofp\libgcc.a(_arm_fixsfsi.o)
 .debug_frame   0x000027e4       0x24 c:/program files (x86)/eclipse foundation/eclipse cdt/gnu tools arm embedded/8 2018-q4-major/bin/../lib/gcc/arm-none-eabi/8.2.1/thumb/v7e-m/nofp\libgcc.a(_arm_fixunssfsi.o)
 .debug_frame   0x00002808       0x2c c:/program files (x86)/eclipse foundation/eclipse cdt/gnu tools arm embedded/8 2018-q4-major/bin/../lib/gcc/arm-none-eabi/8.2.1/thumb/v7e-m/nofp\libgcc.a(_aeabi_uldivmod.o)
 .debug_frame   0x00002834       0x34 c:/program files (x86)/eclipse foundation/eclipse cdt/gnu tools arm embedded/8 2018-q4-major/bin/../lib/gcc/arm-none-eabi/8.2.1/thumb/v7e-m/nofp\libgcc.a(_udivmoddi4.o)
 .debug_frame   0x00002868       0x28 c:/program files (x86)/eclipse foundation/eclipse cdt/gnu tools arm embedded/8 2018-q4-major/bin/../lib/gcc/arm-none-eabi/8.2.1/../../../../arm-none-eabi/lib/thumb/v7e-m/nofp\libg_nano.a(lib_a-cxa_atexit.o)